Archive member included because of file (symbol)

../../libtivgm2/libtivgm2.a(CSIDPlayTIHandEdit.o)
                              tisidplay.o (sidNote)
../../libtivgm2/libtivgm2.a(CPlayerCommonHandEdit.o)
                              ../../libtivgm2/libtivgm2.a(CSIDPlayTIHandEdit.o) (getCompressedByte)
/mnt/d/work/ti/libti99/libti99.a(vdp_setgraphics.o)
                              tisidplay.o (set_graphics)
/mnt/d/work/ti/libti99/libti99.a(vdp_sprite.o)
                              tisidplay.o (sprite)
/mnt/d/work/ti/libti99/libti99.a(vdp_waitvint.o)
                              tisidplay.o (vdpwaitvint)
/mnt/d/work/ti/libti99/libti99.a(vdp_setmode.o)
                              tisidplay.o (gImage)
/mnt/d/work/ti/libti99/libti99.a(vdp_fasterhexprint.o)
                              tisidplay.o (faster_hexprint)
/mnt/d/work/ti/libti99/libti99.a(vdp_char.o)
                              /mnt/d/work/ti/libti99/libti99.a(vdp_setgraphics.o) (vdpchar_default)
/mnt/d/work/ti/libti99/libti99.a(vdp_vchar.o)
                              tisidplay.o (vchar)
/mnt/d/work/ti/libti99/libti99.a(kscan.o)
                              tisidplay.o (kscan)
/mnt/d/work/ti/libti99/libti99.a(vdp_scrnscroll.o)
                              /mnt/d/work/ti/libti99/libti99.a(vdp_setgraphics.o) (scrn_scroll_default)
/mnt/d/work/ti/libti99/libti99.a(vdp_textdefs.o)
                              /mnt/d/work/ti/libti99/libti99.a(vdp_setgraphics.o) (nTextRow)
/mnt/d/work/ti/libti99/libti99.a(vdp_byte2hex.o)
                              /mnt/d/work/ti/libti99/libti99.a(vdp_fasterhexprint.o) (byte2hex)
/mnt/d/work/ti/libti99/libti99.a(vdp_memread.o)
                              /mnt/d/work/ti/libti99/libti99.a(vdp_scrnscroll.o) (vdpmemread)
/mnt/d/work/ti/libti99/libti99.a(vdp_memcpy.o)
                              /mnt/d/work/ti/libti99/libti99.a(vdp_scrnscroll.o) (vdpmemcpy)
/mnt/d/work/ti/libti99/libti99.a(vdp_memset.o)
                              /mnt/d/work/ti/libti99/libti99.a(vdp_scrnscroll.o) (vdpmemset)
/mnt/d/work/ti/libti99/libti99.a(conio_bgcolor.o)
                              /mnt/d/work/ti/libti99/libti99.a(vdp_scrnscroll.o) (conio_scrnCol)

Memory Configuration

Name             Origin             Length             Attributes
*default*        0x0000000000000000 0xffffffffffffffff

Linker script and memory map

LOAD crt0_ea5.o
LOAD ab_sid.o
LOAD tisidplay.o
LOAD ../../libtivgm2/libtivgm2.a
LOAD /mnt/d/work/ti/libti99/libti99.a
Address of section .text set to 0xa000
Address of section .data set to 0x2080
                0x000000000000a000                PROVIDE (__executable_start, 0xa000)
                0x000000000000a074                . = (0xa000 + SIZEOF_HEADERS)

.interp
 *(.interp)

.note.gnu.build-id
 *(.note.gnu.build-id)

.hash
 *(.hash)

.gnu.hash
 *(.gnu.hash)

.dynsym
 *(.dynsym)

.dynstr
 *(.dynstr)

.gnu.version
 *(.gnu.version)

.gnu.version_d
 *(.gnu.version_d)

.gnu.version_r
 *(.gnu.version_r)

.rel.init
 *(.rel.init)

.rela.init
 *(.rela.init)

.rel.text
 *(.rel.text .rel.text.* .rel.gnu.linkonce.t.*)

.rela.text
 *(.rela.text .rela.text.* .rela.gnu.linkonce.t.*)

.rel.fini
 *(.rel.fini)

.rela.fini
 *(.rela.fini)

.rel.rodata
 *(.rel.rodata .rel.rodata.* .rel.gnu.linkonce.r.*)

.rela.rodata
 *(.rela.rodata .rela.rodata.* .rela.gnu.linkonce.r.*)

.rel.data.rel.ro
 *(.rel.data.rel.ro* .rel.gnu.linkonce.d.rel.ro.*)

.rela.data.rel.ro
 *(.rela.data.rel.ro* .rela.gnu.linkonce.d.rel.ro.*)

.rel.data
 *(.rel.data .rel.data.* .rel.gnu.linkonce.d.*)

.rela.data
 *(.rela.data .rela.data.* .rela.gnu.linkonce.d.*)

.rel.tdata
 *(.rel.tdata .rel.tdata.* .rel.gnu.linkonce.td.*)

.rela.tdata
 *(.rela.tdata .rela.tdata.* .rela.gnu.linkonce.td.*)

.rel.tbss
 *(.rel.tbss .rel.tbss.* .rel.gnu.linkonce.tb.*)

.rela.tbss
 *(.rela.tbss .rela.tbss.* .rela.gnu.linkonce.tb.*)

.rel.ctors
 *(.rel.ctors)

.rela.ctors
 *(.rela.ctors)

.rel.dtors
 *(.rel.dtors)

.rela.dtors
 *(.rela.dtors)

.rel.got
 *(.rel.got)

.rela.got
 *(.rela.got)

.rel.sdata
 *(.rel.sdata .rel.sdata.* .rel.gnu.linkonce.s.*)

.rela.sdata
 *(.rela.sdata .rela.sdata.* .rela.gnu.linkonce.s.*)

.rel.sbss
 *(.rel.sbss .rel.sbss.* .rel.gnu.linkonce.sb.*)

.rela.sbss
 *(.rela.sbss .rela.sbss.* .rela.gnu.linkonce.sb.*)

.rel.sdata2
 *(.rel.sdata2 .rel.sdata2.* .rel.gnu.linkonce.s2.*)

.rela.sdata2
 *(.rela.sdata2 .rela.sdata2.* .rela.gnu.linkonce.s2.*)

.rel.sbss2
 *(.rel.sbss2 .rel.sbss2.* .rel.gnu.linkonce.sb2.*)

.rela.sbss2
 *(.rela.sbss2 .rela.sbss2.* .rela.gnu.linkonce.sb2.*)

.rel.bss
 *(.rel.bss .rel.bss.* .rel.gnu.linkonce.b.*)

.rela.bss
 *(.rela.bss .rela.bss.* .rela.gnu.linkonce.b.*)

.rel.plt
 *(.rel.plt)

.rela.plt
 *(.rela.plt)

.init
 *(.init)

.plt
 *(.plt)

.text           0x000000000000a000     0x1580
 *(.text .stub .text.* .gnu.linkonce.t.*)
 .text          0x000000000000a000       0x3c crt0_ea5.o
                0x000000000000a000                _start
                0x000000000000a032                _init_data
 .text          0x000000000000a03c      0xa74 ab_sid.o
                0x000000000000a03c                mysong
 .text          0x000000000000aab0      0x1bc tisidplay.o
                0x000000000000aab0                main
 .text          0x000000000000ac6c      0x1fa ../../libtivgm2/libtivgm2.a(CSIDPlayTIHandEdit.o)
                0x000000000000ad44                StopSID
                0x000000000000ac6c                StartSID
                0x000000000000ad4c                SongSID
 .text          0x000000000000ae66      0x15c ../../libtivgm2/libtivgm2.a(CPlayerCommonHandEdit.o)
                0x000000000000ae88                getDatRLE
                0x000000000000aec2                getCompressedByte
                0x000000000000ae80                getDatInline
                0x000000000000aeb0                getDatRLE24
                0x000000000000aea0                getDatRLE16
                0x000000000000ae8e                getDatRLE32
                0x000000000000afbe                getDatZero
 .text          0x000000000000afc2       0xde /mnt/d/work/ti/libti99/libti99.a(vdp_setgraphics.o)
                0x000000000000afc2                set_graphics_raw
                0x000000000000b082                set_graphics
 .text          0x000000000000b0a0       0x30 /mnt/d/work/ti/libti99/libti99.a(vdp_sprite.o)
                0x000000000000b0a0                sprite
 .text          0x000000000000b0d0       0x1c /mnt/d/work/ti/libti99/libti99.a(vdp_waitvint.o)
                0x000000000000b0d0                vdpwaitvint
 .text          0x000000000000b0ec        0x0 /mnt/d/work/ti/libti99/libti99.a(vdp_setmode.o)
 .text          0x000000000000b0ec       0x16 /mnt/d/work/ti/libti99/libti99.a(vdp_fasterhexprint.o)
                0x000000000000b0ec                faster_hexprint
 .text          0x000000000000b102       0x1c /mnt/d/work/ti/libti99/libti99.a(vdp_char.o)
                0x000000000000b102                vdpchar_default
 .text          0x000000000000b11e       0x40 /mnt/d/work/ti/libti99/libti99.a(vdp_vchar.o)
                0x000000000000b11e                vchar
 .text          0x000000000000b15e       0x16 /mnt/d/work/ti/libti99/libti99.a(kscan.o)
                0x000000000000b15e                kscan
 .text          0x000000000000b174      0x108 /mnt/d/work/ti/libti99/libti99.a(vdp_scrnscroll.o)
                0x000000000000b174                scrn_scroll_default
 .text          0x000000000000b27c        0x0 /mnt/d/work/ti/libti99/libti99.a(vdp_textdefs.o)
 .text          0x000000000000b27c      0x200 /mnt/d/work/ti/libti99/libti99.a(vdp_byte2hex.o)
                0x000000000000b27c                byte2hex
 .text          0x000000000000b47c       0x26 /mnt/d/work/ti/libti99/libti99.a(vdp_memread.o)
                0x000000000000b47c                vdpmemread
 .text          0x000000000000b4a2       0x2c /mnt/d/work/ti/libti99/libti99.a(vdp_memcpy.o)
                0x000000000000b4a2                vdpmemcpy
 .text          0x000000000000b4ce       0x2a /mnt/d/work/ti/libti99/libti99.a(vdp_memset.o)
                0x000000000000b4ce                vdpmemset
 .text          0x000000000000b4f8       0x88 /mnt/d/work/ti/libti99/libti99.a(conio_bgcolor.o)
                0x000000000000b57c                reverse
                0x000000000000b55c                bordercolor
                0x000000000000b4f8                bgcolor
                0x000000000000b528                textcolor
 *(.gnu.warning)

.fini
 *(.fini)
                0x000000000000b580                PROVIDE (__etext, .)
                0x000000000000b580                PROVIDE (_etext, .)
                0x000000000000b580                PROVIDE (etext, .)

.rodata
 *(.rodata .rodata.* .gnu.linkonce.r.*)

.rodata1
 *(.rodata1)

.sdata2
 *(.sdata2 .sdata2.* .gnu.linkonce.s2.*)

.sbss2
 *(.sbss2 .sbss2.* .gnu.linkonce.sb2.*)

.eh_frame_hdr
 *(.eh_frame_hdr)

.eh_frame
 *(.eh_frame)

.gcc_except_table
 *(.gcc_except_table .gcc_except_table.*)
                0x0000000000016b80                . = (ALIGN (0x200) + (. & 0xffffffffffffffff))

.eh_frame
 *(.eh_frame)

.gcc_except_table
 *(.gcc_except_table .gcc_except_table.*)

.tdata
 *(.tdata .tdata.* .gnu.linkonce.td.*)

.tbss
 *(.tbss .tbss.* .gnu.linkonce.tb.*)
 *(.tcommon)

.preinit_array  0x0000000000016b80        0x0
                0x0000000000016b80                PROVIDE (__preinit_array_start, .)
 *(.preinit_array)
                0x0000000000016b80                PROVIDE (__preinit_array_end, .)

.init_array     0x0000000000016b80        0x0
                0x0000000000016b80                PROVIDE (__init_array_start, .)
 *(SORT(.init_array.*))
 *(.init_array)
                0x0000000000016b80                PROVIDE (__init_array_end, .)

.fini_array     0x0000000000016b80        0x0
                0x0000000000016b80                PROVIDE (__fini_array_start, .)
 *(.fini_array)
 *(SORT(.fini_array.*))
                0x0000000000016b80                PROVIDE (__fini_array_end, .)

.ctors
 *crtbegin.o(.ctors)
 *crtbegin?.o(.ctors)
 *(EXCLUDE_FILE(*crtend?.o *crtend.o) .ctors)
 *(SORT(.ctors.*))
 *(.ctors)

.dtors
 *crtbegin.o(.dtors)
 *crtbegin?.o(.dtors)
 *(EXCLUDE_FILE(*crtend?.o *crtend.o) .dtors)
 *(SORT(.dtors.*))
 *(.dtors)

.jcr
 *(.jcr)

.data.rel.ro
 *(.data.rel.ro.local* .gnu.linkonce.d.rel.ro.local.*)
 *(.data.rel.ro* .gnu.linkonce.d.rel.ro.*)

.dynamic
 *(.dynamic)

.data           0x0000000000002080        0xc
 *(.data .data.* .gnu.linkonce.d.*)
 .data          0x0000000000002080        0x0 crt0_ea5.o
 .data          0x0000000000002080        0x0 ab_sid.o
 .data          0x0000000000002080        0x0 tisidplay.o
 .data          0x0000000000002080        0x0 ../../libtivgm2/libtivgm2.a(CSIDPlayTIHandEdit.o)
 .data          0x0000000000002080        0x0 ../../libtivgm2/libtivgm2.a(CPlayerCommonHandEdit.o)
 .data          0x0000000000002080        0x0 /mnt/d/work/ti/libti99/libti99.a(vdp_setgraphics.o)
 .data          0x0000000000002080        0x0 /mnt/d/work/ti/libti99/libti99.a(vdp_sprite.o)
 .data          0x0000000000002080        0x0 /mnt/d/work/ti/libti99/libti99.a(vdp_waitvint.o)
 .data          0x0000000000002080        0x6 /mnt/d/work/ti/libti99/libti99.a(vdp_setmode.o)
                0x0000000000002080                gColor
                0x0000000000002084                gSprite
                0x0000000000002082                gPattern
 .data          0x0000000000002086        0x0 /mnt/d/work/ti/libti99/libti99.a(vdp_fasterhexprint.o)
 .data          0x0000000000002086        0x2 /mnt/d/work/ti/libti99/libti99.a(vdp_char.o)
                0x0000000000002086                vdpchar
 .data          0x0000000000002088        0x0 /mnt/d/work/ti/libti99/libti99.a(vdp_vchar.o)
 .data          0x0000000000002088        0x0 /mnt/d/work/ti/libti99/libti99.a(kscan.o)
 .data          0x0000000000002088        0x2 /mnt/d/work/ti/libti99/libti99.a(vdp_scrnscroll.o)
                0x0000000000002088                scrn_scroll
 .data          0x000000000000208a        0x0 /mnt/d/work/ti/libti99/libti99.a(vdp_textdefs.o)
 .data          0x000000000000208a        0x0 /mnt/d/work/ti/libti99/libti99.a(vdp_byte2hex.o)
 .data          0x000000000000208a        0x0 /mnt/d/work/ti/libti99/libti99.a(vdp_memread.o)
 .data          0x000000000000208a        0x0 /mnt/d/work/ti/libti99/libti99.a(vdp_memcpy.o)
 .data          0x000000000000208a        0x0 /mnt/d/work/ti/libti99/libti99.a(vdp_memset.o)
 .data          0x000000000000208a        0x2 /mnt/d/work/ti/libti99/libti99.a(conio_bgcolor.o)
                0x000000000000208a                conio_scrnCol

.data1
 *(.data1)

.got
 *(.got.plt)
 *(.got)

.sdata
 *(.sdata .sdata.* .gnu.linkonce.s.*)
                0x000000000000208c                _edata = .
                0x000000000000208c                PROVIDE (edata, .)
                0x000000000000208c                __bss_start = .

.sbss
 *(.dynsbss)
 *(.sbss .sbss.* .gnu.linkonce.sb.*)
 *(.scommon)

.bss            0x000000000000208c       0x10
 *(.dynbss)
 *(.bss .bss.* .gnu.linkonce.b.*)
 .bss           0x000000000000208c        0x0 crt0_ea5.o
 .bss           0x000000000000208c        0x0 ab_sid.o
 .bss           0x000000000000208c        0x0 tisidplay.o
 .bss           0x000000000000208c        0x0 ../../libtivgm2/libtivgm2.a(CSIDPlayTIHandEdit.o)
 .bss           0x000000000000208c        0x0 ../../libtivgm2/libtivgm2.a(CPlayerCommonHandEdit.o)
 .bss           0x000000000000208c        0x0 /mnt/d/work/ti/libti99/libti99.a(vdp_setgraphics.o)
 .bss           0x000000000000208c        0x0 /mnt/d/work/ti/libti99/libti99.a(vdp_sprite.o)
 .bss           0x000000000000208c        0x1 /mnt/d/work/ti/libti99/libti99.a(vdp_waitvint.o)
                0x000000000000208c                gSaveIntCnt
 *fill*         0x000000000000208d        0x1 00
 .bss           0x000000000000208e        0x4 /mnt/d/work/ti/libti99/libti99.a(vdp_setmode.o)
                0x000000000000208e                gImage
                0x0000000000002090                gSpritePat
 .bss           0x0000000000002092        0x0 /mnt/d/work/ti/libti99/libti99.a(vdp_fasterhexprint.o)
 .bss           0x0000000000002092        0x0 /mnt/d/work/ti/libti99/libti99.a(vdp_char.o)
 .bss           0x0000000000002092        0x0 /mnt/d/work/ti/libti99/libti99.a(vdp_vchar.o)
 .bss           0x0000000000002092        0x0 /mnt/d/work/ti/libti99/libti99.a(kscan.o)
 .bss           0x0000000000002092        0x0 /mnt/d/work/ti/libti99/libti99.a(vdp_scrnscroll.o)
 .bss           0x0000000000002092        0x8 /mnt/d/work/ti/libti99/libti99.a(vdp_textdefs.o)
                0x0000000000002092                nTextRow
                0x0000000000002094                nTextEnd
                0x0000000000002098                nTextFlags
                0x0000000000002096                nTextPos
 .bss           0x000000000000209a        0x0 /mnt/d/work/ti/libti99/libti99.a(vdp_byte2hex.o)
 .bss           0x000000000000209a        0x0 /mnt/d/work/ti/libti99/libti99.a(vdp_memread.o)
 .bss           0x000000000000209a        0x0 /mnt/d/work/ti/libti99/libti99.a(vdp_memcpy.o)
 .bss           0x000000000000209a        0x0 /mnt/d/work/ti/libti99/libti99.a(vdp_memset.o)
 .bss           0x000000000000209a        0x0 /mnt/d/work/ti/libti99/libti99.a(conio_bgcolor.o)
 *(COMMON)
                0x000000000000209c                . = ALIGN ((. != 0x0)?0x4:0x1)
 *fill*         0x000000000000209a        0x2 00
                0x000000000000209c                . = ALIGN (0x4)
                0x000000000000209c                . = ALIGN (0x4)
                0x000000000000209c                _end = .
                0x000000000000209c                PROVIDE (end, .)

.stab
 *(.stab)

.stabstr
 *(.stabstr)

.stab.excl
 *(.stab.excl)

.stab.exclstr
 *(.stab.exclstr)

.stab.index
 *(.stab.index)

.stab.indexstr
 *(.stab.indexstr)

.comment
 *(.comment)

.debug
 *(.debug)

.line
 *(.line)

.debug_srcinfo
 *(.debug_srcinfo)

.debug_sfnames
 *(.debug_sfnames)

.debug_aranges
 *(.debug_aranges)

.debug_pubnames
 *(.debug_pubnames)

.debug_info
 *(.debug_info .gnu.linkonce.wi.*)

.debug_abbrev
 *(.debug_abbrev)

.debug_line
 *(.debug_line)

.debug_frame
 *(.debug_frame)

.debug_str
 *(.debug_str)

.debug_loc
 *(.debug_loc)

.debug_macinfo
 *(.debug_macinfo)

.debug_weaknames
 *(.debug_weaknames)

.debug_funcnames
 *(.debug_funcnames)

.debug_typenames
 *(.debug_typenames)

.debug_varnames
 *(.debug_varnames)

.debug_pubtypes
 *(.debug_pubtypes)

.debug_ranges
 *(.debug_ranges)

.gnu.attributes
 *(.gnu.attributes)

/DISCARD/
 *(.note.GNU-stack)
 *(.gnu_debuglink)
OUTPUT(tisidplay.ea5.elf elf32-tms9900)

songDat         0x000000000000209c       0x5c
 songDat        0x000000000000209c       0x5c ../../libtivgm2/libtivgm2.a(CSIDPlayTIHandEdit.o)
                0x000000000000209c                sidDat
                0x00000000000020f0                workSID
                0x00000000000020e8                sidNote
                0x00000000000020f4                SidCtrl3
                0x00000000000020f6                SidCtrl1
                0x00000000000020f2                sidSave
                0x00000000000020e4                sidVol
                0x00000000000020f5                SidCtrl2
