Archive member included because of file (symbol)

../../libtivgm2/libtivgm2.a(CPlayerTest.o)
                              tisnplay.o (PlayerUnitTest)
../../libtivgm2/libtivgm2.a(CPlayerTIHandEdit.o)
                              tisnplay.o (songNote)
../../libtivgm2/libtivgm2.a(CPlayerCommonHandEdit.o)
                              ../../libtivgm2/libtivgm2.a(CPlayerTest.o) (getCompressedByte)
/mnt/d/work/ti/libti99/libti99.a(vdp_setgraphics.o)
                              tisnplay.o (set_graphics)
/mnt/d/work/ti/libti99/libti99.a(kscan.o)
                              tisnplay.o (kscan)
/mnt/d/work/ti/libti99/libti99.a(vdp_setmode.o)
                              tisnplay.o (gImage)
/mnt/d/work/ti/libti99/libti99.a(vdp_memset.o)
                              tisnplay.o (vdpmemset)
/mnt/d/work/ti/libti99/libti99.a(vdp_sprite.o)
                              tisnplay.o (sprite)
/mnt/d/work/ti/libti99/libti99.a(vdp_waitvint.o)
                              tisnplay.o (vdpwaitvint)
/mnt/d/work/ti/libti99/libti99.a(vdp_fasterhexprint.o)
                              tisnplay.o (faster_hexprint)
/mnt/d/work/ti/libti99/libti99.a(vdp_char.o)
                              /mnt/d/work/ti/libti99/libti99.a(vdp_setgraphics.o) (vdpchar_default)
/mnt/d/work/ti/libti99/libti99.a(vdp_vchar.o)
                              tisnplay.o (vchar)
/mnt/d/work/ti/libti99/libti99.a(vdp_printf.o)
                              ../../libtivgm2/libtivgm2.a(CPlayerTest.o) (printf)
/mnt/d/work/ti/libti99/libti99.a(vdp_scrnscroll.o)
                              /mnt/d/work/ti/libti99/libti99.a(vdp_setgraphics.o) (scrn_scroll_default)
/mnt/d/work/ti/libti99/libti99.a(vdp_textdefs.o)
                              /mnt/d/work/ti/libti99/libti99.a(vdp_setgraphics.o) (nTextRow)
/mnt/d/work/ti/libti99/libti99.a(vdp_byte2hex.o)
                              /mnt/d/work/ti/libti99/libti99.a(vdp_fasterhexprint.o) (byte2hex)
/mnt/d/work/ti/libti99/libti99.a(vdp_putchar.o)
                              /mnt/d/work/ti/libti99/libti99.a(vdp_printf.o) (putchar)
/mnt/d/work/ti/libti99/libti99.a(str_uint2str.o)
                              /mnt/d/work/ti/libti99/libti99.a(vdp_printf.o) (uint2str)
/mnt/d/work/ti/libti99/libti99.a(str_strlen.o)
                              /mnt/d/work/ti/libti99/libti99.a(vdp_printf.o) (strlen)
/mnt/d/work/ti/libti99/libti99.a(str_int2str.o)
                              /mnt/d/work/ti/libti99/libti99.a(vdp_printf.o) (int2str)
/mnt/d/work/ti/libti99/libti99.a(vdp_hexprint.o)
                              /mnt/d/work/ti/libti99/libti99.a(vdp_printf.o) (hexprint)
/mnt/d/work/ti/libti99/libti99.a(vdp_memread.o)
                              /mnt/d/work/ti/libti99/libti99.a(vdp_scrnscroll.o) (vdpmemread)
/mnt/d/work/ti/libti99/libti99.a(vdp_memcpy.o)
                              /mnt/d/work/ti/libti99/libti99.a(vdp_scrnscroll.o) (vdpmemcpy)
/mnt/d/work/ti/libti99/libti99.a(conio_bgcolor.o)
                              /mnt/d/work/ti/libti99/libti99.a(vdp_scrnscroll.o) (conio_scrnCol)
/mnt/d/work/ti/libti99/libti99.a(vdp_putstring.o)
                              /mnt/d/work/ti/libti99/libti99.a(vdp_hexprint.o) (putstring)

Memory Configuration

Name             Origin             Length             Attributes
*default*        0x0000000000000000 0xffffffffffffffff

Linker script and memory map

LOAD crt0_ea5.o
LOAD sil_nes.o
LOAD tisnplay.o
LOAD ../../libtivgm2/libtivgm2.a
LOAD /mnt/d/work/ti/libti99/libti99.a
Address of section .text set to 0xa000
Address of section .data set to 0x2080
                0x000000000000a000                PROVIDE (__executable_start, 0xa000)
                0x000000000000a074                . = (0xa000 + SIZEOF_HEADERS)

.interp
 *(.interp)

.note.gnu.build-id
 *(.note.gnu.build-id)

.hash
 *(.hash)

.gnu.hash
 *(.gnu.hash)

.dynsym
 *(.dynsym)

.dynstr
 *(.dynstr)

.gnu.version
 *(.gnu.version)

.gnu.version_d
 *(.gnu.version_d)

.gnu.version_r
 *(.gnu.version_r)

.rel.init
 *(.rel.init)

.rela.init
 *(.rela.init)

.rel.text
 *(.rel.text .rel.text.* .rel.gnu.linkonce.t.*)

.rela.text
 *(.rela.text .rela.text.* .rela.gnu.linkonce.t.*)

.rel.fini
 *(.rel.fini)

.rela.fini
 *(.rela.fini)

.rel.rodata
 *(.rel.rodata .rel.rodata.* .rel.gnu.linkonce.r.*)

.rela.rodata
 *(.rela.rodata .rela.rodata.* .rela.gnu.linkonce.r.*)

.rel.data.rel.ro
 *(.rel.data.rel.ro* .rel.gnu.linkonce.d.rel.ro.*)

.rela.data.rel.ro
 *(.rela.data.rel.ro* .rela.gnu.linkonce.d.rel.ro.*)

.rel.data
 *(.rel.data .rel.data.* .rel.gnu.linkonce.d.*)

.rela.data
 *(.rela.data .rela.data.* .rela.gnu.linkonce.d.*)

.rel.tdata
 *(.rel.tdata .rel.tdata.* .rel.gnu.linkonce.td.*)

.rela.tdata
 *(.rela.tdata .rela.tdata.* .rela.gnu.linkonce.td.*)

.rel.tbss
 *(.rel.tbss .rel.tbss.* .rel.gnu.linkonce.tb.*)

.rela.tbss
 *(.rela.tbss .rela.tbss.* .rela.gnu.linkonce.tb.*)

.rel.ctors
 *(.rel.ctors)

.rela.ctors
 *(.rela.ctors)

.rel.dtors
 *(.rel.dtors)

.rela.dtors
 *(.rela.dtors)

.rel.got
 *(.rel.got)

.rela.got
 *(.rela.got)

.rel.sdata
 *(.rel.sdata .rel.sdata.* .rel.gnu.linkonce.s.*)

.rela.sdata
 *(.rela.sdata .rela.sdata.* .rela.gnu.linkonce.s.*)

.rel.sbss
 *(.rel.sbss .rel.sbss.* .rel.gnu.linkonce.sb.*)

.rela.sbss
 *(.rela.sbss .rela.sbss.* .rela.gnu.linkonce.sb.*)

.rel.sdata2
 *(.rel.sdata2 .rel.sdata2.* .rel.gnu.linkonce.s2.*)

.rela.sdata2
 *(.rela.sdata2 .rela.sdata2.* .rela.gnu.linkonce.s2.*)

.rel.sbss2
 *(.rel.sbss2 .rel.sbss2.* .rel.gnu.linkonce.sb2.*)

.rela.sbss2
 *(.rela.sbss2 .rela.sbss2.* .rela.gnu.linkonce.sb2.*)

.rel.bss
 *(.rel.bss .rel.bss.* .rel.gnu.linkonce.b.*)

.rela.bss
 *(.rela.bss .rela.bss.* .rela.gnu.linkonce.b.*)

.rel.plt
 *(.rel.plt)

.rela.plt
 *(.rela.plt)

.init
 *(.init)

.plt
 *(.plt)

.text           0x000000000000a000     0x2fae
 *(.text .stub .text.* .gnu.linkonce.t.*)
 .text          0x000000000000a000       0x3c crt0_ea5.o
                0x000000000000a000                _start
                0x000000000000a032                _init_data
 .text          0x000000000000a03c     0x1cb4 sil_nes.o
                0x000000000000a03c                mysong
 .text          0x000000000000bcf0      0x1ec tisnplay.o
                0x000000000000bcf0                main
 .text          0x000000000000bedc      0x365 ../../libtivgm2/libtivgm2.a(CPlayerTest.o)
                0x000000000000bf46                runTest
                0x000000000000c13a                PlayerUnitTest
                0x000000000000bedc                getCompressedByteWrap
 *fill*         0x000000000000c241        0x1 00000000
 .text          0x000000000000c242      0x180 ../../libtivgm2/libtivgm2.a(CPlayerTIHandEdit.o)
                0x000000000000c2ac                SongLoop
                0x000000000000c242                StartSong
                0x000000000000c2a4                StopSong
 .text          0x000000000000c3c2      0x15c ../../libtivgm2/libtivgm2.a(CPlayerCommonHandEdit.o)
                0x000000000000c3e4                getDatRLE
                0x000000000000c41e                getCompressedByte
                0x000000000000c3dc                getDatInline
                0x000000000000c40c                getDatRLE24
                0x000000000000c3fc                getDatRLE16
                0x000000000000c3ea                getDatRLE32
                0x000000000000c51a                getDatZero
 .text          0x000000000000c51e       0xde /mnt/d/work/ti/libti99/libti99.a(vdp_setgraphics.o)
                0x000000000000c51e                set_graphics_raw
                0x000000000000c5de                set_graphics
 .text          0x000000000000c5fc       0x16 /mnt/d/work/ti/libti99/libti99.a(kscan.o)
                0x000000000000c5fc                kscan
 .text          0x000000000000c612        0x0 /mnt/d/work/ti/libti99/libti99.a(vdp_setmode.o)
 .text          0x000000000000c612       0x2a /mnt/d/work/ti/libti99/libti99.a(vdp_memset.o)
                0x000000000000c612                vdpmemset
 .text          0x000000000000c63c       0x30 /mnt/d/work/ti/libti99/libti99.a(vdp_sprite.o)
                0x000000000000c63c                sprite
 .text          0x000000000000c66c       0x1c /mnt/d/work/ti/libti99/libti99.a(vdp_waitvint.o)
                0x000000000000c66c                vdpwaitvint
 .text          0x000000000000c688       0x16 /mnt/d/work/ti/libti99/libti99.a(vdp_fasterhexprint.o)
                0x000000000000c688                faster_hexprint
 .text          0x000000000000c69e       0x1c /mnt/d/work/ti/libti99/libti99.a(vdp_char.o)
                0x000000000000c69e                vdpchar_default
 .text          0x000000000000c6ba       0x40 /mnt/d/work/ti/libti99/libti99.a(vdp_vchar.o)
                0x000000000000c6ba                vchar
 .text          0x000000000000c6fa      0x252 /mnt/d/work/ti/libti99/libti99.a(vdp_printf.o)
                0x000000000000c6fa                printf
 .text          0x000000000000c94c      0x108 /mnt/d/work/ti/libti99/libti99.a(vdp_scrnscroll.o)
                0x000000000000c94c                scrn_scroll_default
 .text          0x000000000000ca54        0x0 /mnt/d/work/ti/libti99/libti99.a(vdp_textdefs.o)
 .text          0x000000000000ca54      0x200 /mnt/d/work/ti/libti99/libti99.a(vdp_byte2hex.o)
                0x000000000000ca54                byte2hex
 .text          0x000000000000cc54       0x52 /mnt/d/work/ti/libti99/libti99.a(vdp_putchar.o)
                0x000000000000cc54                putchar
 .text          0x000000000000cca6       0x6a /mnt/d/work/ti/libti99/libti99.a(str_uint2str.o)
                0x000000000000cca6                uint2str
 .text          0x000000000000cd10       0x22 /mnt/d/work/ti/libti99/libti99.a(str_strlen.o)
                0x000000000000cd10                strlen
 .text          0x000000000000cd32       0xbe /mnt/d/work/ti/libti99/libti99.a(str_int2str.o)
                0x000000000000cd32                int2str
 .text          0x000000000000cdf0       0x5a /mnt/d/work/ti/libti99/libti99.a(vdp_hexprint.o)
                0x000000000000cdf0                hexprint
 .text          0x000000000000ce4a       0x26 /mnt/d/work/ti/libti99/libti99.a(vdp_memread.o)
                0x000000000000ce4a                vdpmemread
 .text          0x000000000000ce70       0x2c /mnt/d/work/ti/libti99/libti99.a(vdp_memcpy.o)
                0x000000000000ce70                vdpmemcpy
 .text          0x000000000000ce9c       0x88 /mnt/d/work/ti/libti99/libti99.a(conio_bgcolor.o)
                0x000000000000cf20                reverse
                0x000000000000cf00                bordercolor
                0x000000000000ce9c                bgcolor
                0x000000000000cecc                textcolor
 .text          0x000000000000cf24       0x8a /mnt/d/work/ti/libti99/libti99.a(vdp_putstring.o)
                0x000000000000cf24                putstring
 *(.gnu.warning)

.fini
 *(.fini)
                0x000000000000cfae                PROVIDE (__etext, .)
                0x000000000000cfae                PROVIDE (_etext, .)
                0x000000000000cfae                PROVIDE (etext, .)

.rodata
 *(.rodata .rodata.* .gnu.linkonce.r.*)

.rodata1
 *(.rodata1)

.sdata2
 *(.sdata2 .sdata2.* .gnu.linkonce.s2.*)

.sbss2
 *(.sbss2 .sbss2.* .gnu.linkonce.sb2.*)

.eh_frame_hdr
 *(.eh_frame_hdr)

.eh_frame
 *(.eh_frame)

.gcc_except_table
 *(.gcc_except_table .gcc_except_table.*)
                0x0000000000019fae                . = (ALIGN (0x200) + (. & 0xffffffffffffffff))

.eh_frame
 *(.eh_frame)

.gcc_except_table
 *(.gcc_except_table .gcc_except_table.*)

.tdata
 *(.tdata .tdata.* .gnu.linkonce.td.*)

.tbss
 *(.tbss .tbss.* .gnu.linkonce.tb.*)
 *(.tcommon)

.preinit_array  0x0000000000019fae        0x0
                0x0000000000019fae                PROVIDE (__preinit_array_start, .)
 *(.preinit_array)
                0x0000000000019fae                PROVIDE (__preinit_array_end, .)

.init_array     0x0000000000019fae        0x0
                0x0000000000019fae                PROVIDE (__init_array_start, .)
 *(SORT(.init_array.*))
 *(.init_array)
                0x0000000000019fae                PROVIDE (__init_array_end, .)

.fini_array     0x0000000000019fae        0x0
                0x0000000000019fae                PROVIDE (__fini_array_start, .)
 *(.fini_array)
 *(SORT(.fini_array.*))
                0x0000000000019fae                PROVIDE (__fini_array_end, .)

.ctors
 *crtbegin.o(.ctors)
 *crtbegin?.o(.ctors)
 *(EXCLUDE_FILE(*crtend?.o *crtend.o) .ctors)
 *(SORT(.ctors.*))
 *(.ctors)

.dtors
 *crtbegin.o(.dtors)
 *crtbegin?.o(.dtors)
 *(EXCLUDE_FILE(*crtend?.o *crtend.o) .dtors)
 *(SORT(.dtors.*))
 *(.dtors)

.jcr
 *(.jcr)

.data.rel.ro
 *(.data.rel.ro.local* .gnu.linkonce.d.rel.ro.local.*)
 *(.data.rel.ro* .gnu.linkonce.d.rel.ro.*)

.dynamic
 *(.dynamic)

.data           0x0000000000002080        0xc
 *(.data .data.* .gnu.linkonce.d.*)
 .data          0x0000000000002080        0x0 crt0_ea5.o
 .data          0x0000000000002080        0x0 sil_nes.o
 .data          0x0000000000002080        0x0 tisnplay.o
 .data          0x0000000000002080        0x0 ../../libtivgm2/libtivgm2.a(CPlayerTest.o)
 .data          0x0000000000002080        0x0 ../../libtivgm2/libtivgm2.a(CPlayerTIHandEdit.o)
 .data          0x0000000000002080        0x0 ../../libtivgm2/libtivgm2.a(CPlayerCommonHandEdit.o)
 .data          0x0000000000002080        0x0 /mnt/d/work/ti/libti99/libti99.a(vdp_setgraphics.o)
 .data          0x0000000000002080        0x0 /mnt/d/work/ti/libti99/libti99.a(kscan.o)
 .data          0x0000000000002080        0x6 /mnt/d/work/ti/libti99/libti99.a(vdp_setmode.o)
                0x0000000000002080                gColor
                0x0000000000002084                gSprite
                0x0000000000002082                gPattern
 .data          0x0000000000002086        0x0 /mnt/d/work/ti/libti99/libti99.a(vdp_memset.o)
 .data          0x0000000000002086        0x0 /mnt/d/work/ti/libti99/libti99.a(vdp_sprite.o)
 .data          0x0000000000002086        0x0 /mnt/d/work/ti/libti99/libti99.a(vdp_waitvint.o)
 .data          0x0000000000002086        0x0 /mnt/d/work/ti/libti99/libti99.a(vdp_fasterhexprint.o)
 .data          0x0000000000002086        0x2 /mnt/d/work/ti/libti99/libti99.a(vdp_char.o)
                0x0000000000002086                vdpchar
 .data          0x0000000000002088        0x0 /mnt/d/work/ti/libti99/libti99.a(vdp_vchar.o)
 .data          0x0000000000002088        0x0 /mnt/d/work/ti/libti99/libti99.a(vdp_printf.o)
 .data          0x0000000000002088        0x2 /mnt/d/work/ti/libti99/libti99.a(vdp_scrnscroll.o)
                0x0000000000002088                scrn_scroll
 .data          0x000000000000208a        0x0 /mnt/d/work/ti/libti99/libti99.a(vdp_textdefs.o)
 .data          0x000000000000208a        0x0 /mnt/d/work/ti/libti99/libti99.a(vdp_byte2hex.o)
 .data          0x000000000000208a        0x0 /mnt/d/work/ti/libti99/libti99.a(vdp_putchar.o)
 .data          0x000000000000208a        0x0 /mnt/d/work/ti/libti99/libti99.a(str_uint2str.o)
 .data          0x000000000000208a        0x0 /mnt/d/work/ti/libti99/libti99.a(str_strlen.o)
 .data          0x000000000000208a        0x0 /mnt/d/work/ti/libti99/libti99.a(str_int2str.o)
 .data          0x000000000000208a        0x0 /mnt/d/work/ti/libti99/libti99.a(vdp_hexprint.o)
 .data          0x000000000000208a        0x0 /mnt/d/work/ti/libti99/libti99.a(vdp_memread.o)
 .data          0x000000000000208a        0x0 /mnt/d/work/ti/libti99/libti99.a(vdp_memcpy.o)
 .data          0x000000000000208a        0x2 /mnt/d/work/ti/libti99/libti99.a(conio_bgcolor.o)
                0x000000000000208a                conio_scrnCol
 .data          0x000000000000208c        0x0 /mnt/d/work/ti/libti99/libti99.a(vdp_putstring.o)

.data1
 *(.data1)

.got
 *(.got.plt)
 *(.got)

.sdata
 *(.sdata .sdata.* .gnu.linkonce.s.*)
                0x000000000000208c                _edata = .
                0x000000000000208c                PROVIDE (edata, .)
                0x000000000000208c                __bss_start = .

.sbss
 *(.dynsbss)
 *(.sbss .sbss.* .gnu.linkonce.sb.*)
 *(.scommon)

.bss            0x000000000000208c       0x28
 *(.dynbss)
 *(.bss .bss.* .gnu.linkonce.b.*)
 .bss           0x000000000000208c        0x0 crt0_ea5.o
 .bss           0x000000000000208c        0x0 sil_nes.o
 .bss           0x000000000000208c        0x0 tisnplay.o
 .bss           0x000000000000208c        0x8 ../../libtivgm2/libtivgm2.a(CPlayerTest.o)
                0x000000000000208c                test
 .bss           0x0000000000002094        0x0 ../../libtivgm2/libtivgm2.a(CPlayerTIHandEdit.o)
 .bss           0x0000000000002094        0x0 ../../libtivgm2/libtivgm2.a(CPlayerCommonHandEdit.o)
 .bss           0x0000000000002094        0x0 /mnt/d/work/ti/libti99/libti99.a(vdp_setgraphics.o)
 .bss           0x0000000000002094        0x0 /mnt/d/work/ti/libti99/libti99.a(kscan.o)
 .bss           0x0000000000002094        0x4 /mnt/d/work/ti/libti99/libti99.a(vdp_setmode.o)
                0x0000000000002094                gImage
                0x0000000000002096                gSpritePat
 .bss           0x0000000000002098        0x0 /mnt/d/work/ti/libti99/libti99.a(vdp_memset.o)
 .bss           0x0000000000002098        0x0 /mnt/d/work/ti/libti99/libti99.a(vdp_sprite.o)
 .bss           0x0000000000002098        0x1 /mnt/d/work/ti/libti99/libti99.a(vdp_waitvint.o)
                0x0000000000002098                gSaveIntCnt
 .bss           0x0000000000002099        0x0 /mnt/d/work/ti/libti99/libti99.a(vdp_fasterhexprint.o)
 .bss           0x0000000000002099        0x0 /mnt/d/work/ti/libti99/libti99.a(vdp_char.o)
 .bss           0x0000000000002099        0x0 /mnt/d/work/ti/libti99/libti99.a(vdp_vchar.o)
 .bss           0x0000000000002099        0x0 /mnt/d/work/ti/libti99/libti99.a(vdp_printf.o)
 .bss           0x0000000000002099        0x0 /mnt/d/work/ti/libti99/libti99.a(vdp_scrnscroll.o)
 *fill*         0x0000000000002099        0x1 00
 .bss           0x000000000000209a        0x8 /mnt/d/work/ti/libti99/libti99.a(vdp_textdefs.o)
                0x000000000000209a                nTextRow
                0x000000000000209c                nTextEnd
                0x00000000000020a0                nTextFlags
                0x000000000000209e                nTextPos
 .bss           0x00000000000020a2        0x0 /mnt/d/work/ti/libti99/libti99.a(vdp_byte2hex.o)
 .bss           0x00000000000020a2        0x0 /mnt/d/work/ti/libti99/libti99.a(vdp_putchar.o)
 .bss           0x00000000000020a2        0x8 /mnt/d/work/ti/libti99/libti99.a(str_uint2str.o)
 .bss           0x00000000000020aa        0x0 /mnt/d/work/ti/libti99/libti99.a(str_strlen.o)
 .bss           0x00000000000020aa        0x8 /mnt/d/work/ti/libti99/libti99.a(str_int2str.o)
 .bss           0x00000000000020b2        0x0 /mnt/d/work/ti/libti99/libti99.a(vdp_hexprint.o)
 .bss           0x00000000000020b2        0x0 /mnt/d/work/ti/libti99/libti99.a(vdp_memread.o)
 .bss           0x00000000000020b2        0x0 /mnt/d/work/ti/libti99/libti99.a(vdp_memcpy.o)
 .bss           0x00000000000020b2        0x0 /mnt/d/work/ti/libti99/libti99.a(conio_bgcolor.o)
 .bss           0x00000000000020b2        0x0 /mnt/d/work/ti/libti99/libti99.a(vdp_putstring.o)
 *(COMMON)
                0x00000000000020b4                . = ALIGN ((. != 0x0)?0x4:0x1)
 *fill*         0x00000000000020b2        0x2 00
                0x00000000000020b4                . = ALIGN (0x4)
                0x00000000000020b4                . = ALIGN (0x4)
                0x00000000000020b4                _end = .
                0x00000000000020b4                PROVIDE (end, .)

.stab
 *(.stab)

.stabstr
 *(.stabstr)

.stab.excl
 *(.stab.excl)

.stab.exclstr
 *(.stab.exclstr)

.stab.index
 *(.stab.index)

.stab.indexstr
 *(.stab.indexstr)

.comment
 *(.comment)

.debug
 *(.debug)

.line
 *(.line)

.debug_srcinfo
 *(.debug_srcinfo)

.debug_sfnames
 *(.debug_sfnames)

.debug_aranges
 *(.debug_aranges)

.debug_pubnames
 *(.debug_pubnames)

.debug_info
 *(.debug_info .gnu.linkonce.wi.*)

.debug_abbrev
 *(.debug_abbrev)

.debug_line
 *(.debug_line)

.debug_frame
 *(.debug_frame)

.debug_str
 *(.debug_str)

.debug_loc
 *(.debug_loc)

.debug_macinfo
 *(.debug_macinfo)

.debug_weaknames
 *(.debug_weaknames)

.debug_funcnames
 *(.debug_funcnames)

.debug_typenames
 *(.debug_typenames)

.debug_varnames
 *(.debug_varnames)

.debug_pubtypes
 *(.debug_pubtypes)

.debug_ranges
 *(.debug_ranges)

.gnu.attributes
 *(.gnu.attributes)

/DISCARD/
 *(.note.GNU-stack)
 *(.gnu_debuglink)
OUTPUT(tisnplay.ea5.elf elf32-tms9900)

songDatVars     0x00000000000020b4       0x58
 songDatVars    0x00000000000020b4       0x58 ../../libtivgm2/libtivgm2.a(CPlayerTIHandEdit.o)
                0x0000000000002100                songNote
                0x00000000000020fc                songVol
                0x00000000000020b4                strDat
                0x0000000000002108                workBuf
