Archive member included because of file (symbol)

../../../libti99/libti99.a(vdp_setgraphics.o)
                              tisnplay.o (set_graphics)
../../../libti99/libti99.a(kscan.o)
                              tisnplay.o (kscan)
../../../libti99/libti99.a(vdp_setmode.o)
                              tisnplay.o (gImage)
../../../libti99/libti99.a(vdp_memset.o)
                              tisnplay.o (vdpmemset)
../../../libti99/libti99.a(vdp_sprite.o)
                              tisnplay.o (sprite)
../../../libti99/libti99.a(vdp_waitvint.o)
                              tisnplay.o (vdpwaitvint)
../../../libti99/libti99.a(vdp_fasterhexprint.o)
                              tisnplay.o (faster_hexprint)
../../../libti99/libti99.a(vdp_char.o)
                              ../../../libti99/libti99.a(vdp_setgraphics.o) (vdpchar_default)
../../../libti99/libti99.a(vdp_vchar.o)
                              tisnplay.o (vchar)
../../../libti99/libti99.a(vdp_printf.o)
                              ../CPlayer/CPlayerTest.o (printf)
../../../libti99/libti99.a(vdp_putchar.o)
                              ../CPlayer/CPlayerTest.o (putchar)
../../../libti99/libti99.a(vdp_scrnscroll.o)
                              ../../../libti99/libti99.a(vdp_setgraphics.o) (scrn_scroll_default)
../../../libti99/libti99.a(vdp_textdefs.o)
                              ../../../libti99/libti99.a(vdp_setgraphics.o) (nTextRow)
../../../libti99/libti99.a(vdp_byte2hex.o)
                              ../../../libti99/libti99.a(vdp_fasterhexprint.o) (byte2hex)
../../../libti99/libti99.a(str_uint2str.o)
                              ../../../libti99/libti99.a(vdp_printf.o) (uint2str)
../../../libti99/libti99.a(str_strlen.o)
                              ../../../libti99/libti99.a(vdp_printf.o) (strlen)
../../../libti99/libti99.a(str_int2str.o)
                              ../../../libti99/libti99.a(vdp_printf.o) (int2str)
../../../libti99/libti99.a(vdp_hexprint.o)
                              ../../../libti99/libti99.a(vdp_printf.o) (hexprint)
../../../libti99/libti99.a(vdp_memread.o)
                              ../../../libti99/libti99.a(vdp_scrnscroll.o) (vdpmemread)
../../../libti99/libti99.a(vdp_memcpy.o)
                              ../../../libti99/libti99.a(vdp_scrnscroll.o) (vdpmemcpy)
../../../libti99/libti99.a(conio_bgcolor.o)
                              ../../../libti99/libti99.a(vdp_scrnscroll.o) (conio_scrnCol)
../../../libti99/libti99.a(vdp_putstring.o)
                              ../../../libti99/libti99.a(vdp_hexprint.o) (putstring)

Memory Configuration

Name             Origin             Length             Attributes
*default*        0x0000000000000000 0xffffffffffffffff

Linker script and memory map

LOAD crt0_ea5.o
LOAD sil_nes.o
LOAD tisnplay.o
LOAD CPlayerCommonHandEdit.o
LOAD CPlayerTIHandEdit.o
LOAD ../CPlayer/CPlayerTest.o
LOAD ../../../libti99/libti99.a
Address of section .text set to 0xa000
Address of section .data set to 0x2080
                0x000000000000a000                PROVIDE (__executable_start, 0xa000)
                0x000000000000a074                . = (0xa000 + SIZEOF_HEADERS)

.interp
 *(.interp)

.note.gnu.build-id
 *(.note.gnu.build-id)

.hash
 *(.hash)

.gnu.hash
 *(.gnu.hash)

.dynsym
 *(.dynsym)

.dynstr
 *(.dynstr)

.gnu.version
 *(.gnu.version)

.gnu.version_d
 *(.gnu.version_d)

.gnu.version_r
 *(.gnu.version_r)

.rel.init
 *(.rel.init)

.rela.init
 *(.rela.init)

.rel.text
 *(.rel.text .rel.text.* .rel.gnu.linkonce.t.*)

.rela.text
 *(.rela.text .rela.text.* .rela.gnu.linkonce.t.*)

.rel.fini
 *(.rel.fini)

.rela.fini
 *(.rela.fini)

.rel.rodata
 *(.rel.rodata .rel.rodata.* .rel.gnu.linkonce.r.*)

.rela.rodata
 *(.rela.rodata .rela.rodata.* .rela.gnu.linkonce.r.*)

.rel.data.rel.ro
 *(.rel.data.rel.ro* .rel.gnu.linkonce.d.rel.ro.*)

.rela.data.rel.ro
 *(.rela.data.rel.ro* .rela.gnu.linkonce.d.rel.ro.*)

.rel.data
 *(.rel.data .rel.data.* .rel.gnu.linkonce.d.*)

.rela.data
 *(.rela.data .rela.data.* .rela.gnu.linkonce.d.*)

.rel.tdata
 *(.rel.tdata .rel.tdata.* .rel.gnu.linkonce.td.*)

.rela.tdata
 *(.rela.tdata .rela.tdata.* .rela.gnu.linkonce.td.*)

.rel.tbss
 *(.rel.tbss .rel.tbss.* .rel.gnu.linkonce.tb.*)

.rela.tbss
 *(.rela.tbss .rela.tbss.* .rela.gnu.linkonce.tb.*)

.rel.ctors
 *(.rel.ctors)

.rela.ctors
 *(.rela.ctors)

.rel.dtors
 *(.rel.dtors)

.rela.dtors
 *(.rela.dtors)

.rel.got
 *(.rel.got)

.rela.got
 *(.rela.got)

.rel.sdata
 *(.rel.sdata .rel.sdata.* .rel.gnu.linkonce.s.*)

.rela.sdata
 *(.rela.sdata .rela.sdata.* .rela.gnu.linkonce.s.*)

.rel.sbss
 *(.rel.sbss .rel.sbss.* .rel.gnu.linkonce.sb.*)

.rela.sbss
 *(.rela.sbss .rela.sbss.* .rela.gnu.linkonce.sb.*)

.rel.sdata2
 *(.rel.sdata2 .rel.sdata2.* .rel.gnu.linkonce.s2.*)

.rela.sdata2
 *(.rela.sdata2 .rela.sdata2.* .rela.gnu.linkonce.s2.*)

.rel.sbss2
 *(.rel.sbss2 .rel.sbss2.* .rel.gnu.linkonce.sb2.*)

.rela.sbss2
 *(.rela.sbss2 .rela.sbss2.* .rela.gnu.linkonce.sb2.*)

.rel.bss
 *(.rel.bss .rel.bss.* .rel.gnu.linkonce.b.*)

.rela.bss
 *(.rela.bss .rela.bss.* .rela.gnu.linkonce.b.*)

.rel.plt
 *(.rel.plt)

.rela.plt
 *(.rela.plt)

.init
 *(.init)

.plt
 *(.plt)

.text           0x000000000000a000     0x2fce
 *(.text .stub .text.* .gnu.linkonce.t.*)
 .text          0x000000000000a000       0x3c crt0_ea5.o
                0x000000000000a000                _start
                0x000000000000a032                _init_data
 .text          0x000000000000a03c     0x1cd8 sil_nes.o
                0x000000000000a03c                mysong
 .text          0x000000000000bd14      0x1f0 tisnplay.o
                0x000000000000bd14                main
 .text          0x000000000000bf04      0x17a CPlayerCommonHandEdit.o
                0x000000000000bf28                getDatRLE
                0x000000000000bf04                DAT0001
                0x000000000000bf68                getCompressedByte
                0x000000000000bf20                getDatInline
                0x000000000000bf54                getDatRLE24
                0x000000000000bf42                getDatRLE16
                0x000000000000bf2e                getDatRLE32
                0x000000000000c07a                getDatZero
 .text          0x000000000000c07e      0x192 CPlayerTIHandEdit.o
                0x000000000000c0e2                SongLoop
                0x000000000000c080                StartSong
                0x000000000000c0da                StopSong
 .text          0x000000000000c210      0x32d ../CPlayer/CPlayerTest.o
                0x000000000000c254                runTest
                0x000000000000c436                PlayerUnitTest
 *fill*         0x000000000000c53d        0x1 00000000
 .text          0x000000000000c53e       0xde ../../../libti99/libti99.a(vdp_setgraphics.o)
                0x000000000000c53e                set_graphics_raw
                0x000000000000c5fe                set_graphics
 .text          0x000000000000c61c       0x16 ../../../libti99/libti99.a(kscan.o)
                0x000000000000c61c                kscan
 .text          0x000000000000c632        0x0 ../../../libti99/libti99.a(vdp_setmode.o)
 .text          0x000000000000c632       0x2a ../../../libti99/libti99.a(vdp_memset.o)
                0x000000000000c632                vdpmemset
 .text          0x000000000000c65c       0x30 ../../../libti99/libti99.a(vdp_sprite.o)
                0x000000000000c65c                sprite
 .text          0x000000000000c68c       0x1c ../../../libti99/libti99.a(vdp_waitvint.o)
                0x000000000000c68c                vdpwaitvint
 .text          0x000000000000c6a8       0x16 ../../../libti99/libti99.a(vdp_fasterhexprint.o)
                0x000000000000c6a8                faster_hexprint
 .text          0x000000000000c6be       0x1c ../../../libti99/libti99.a(vdp_char.o)
                0x000000000000c6be                vdpchar_default
 .text          0x000000000000c6da       0x40 ../../../libti99/libti99.a(vdp_vchar.o)
                0x000000000000c6da                vchar
 .text          0x000000000000c71a      0x252 ../../../libti99/libti99.a(vdp_printf.o)
                0x000000000000c71a                printf
 .text          0x000000000000c96c       0x52 ../../../libti99/libti99.a(vdp_putchar.o)
                0x000000000000c96c                putchar
 .text          0x000000000000c9be      0x108 ../../../libti99/libti99.a(vdp_scrnscroll.o)
                0x000000000000c9be                scrn_scroll_default
 .text          0x000000000000cac6        0x0 ../../../libti99/libti99.a(vdp_textdefs.o)
 .text          0x000000000000cac6      0x200 ../../../libti99/libti99.a(vdp_byte2hex.o)
                0x000000000000cac6                byte2hex
 .text          0x000000000000ccc6       0x6a ../../../libti99/libti99.a(str_uint2str.o)
                0x000000000000ccc6                uint2str
 .text          0x000000000000cd30       0x22 ../../../libti99/libti99.a(str_strlen.o)
                0x000000000000cd30                strlen
 .text          0x000000000000cd52       0xbe ../../../libti99/libti99.a(str_int2str.o)
                0x000000000000cd52                int2str
 .text          0x000000000000ce10       0x5a ../../../libti99/libti99.a(vdp_hexprint.o)
                0x000000000000ce10                hexprint
 .text          0x000000000000ce6a       0x26 ../../../libti99/libti99.a(vdp_memread.o)
                0x000000000000ce6a                vdpmemread
 .text          0x000000000000ce90       0x2c ../../../libti99/libti99.a(vdp_memcpy.o)
                0x000000000000ce90                vdpmemcpy
 .text          0x000000000000cebc       0x88 ../../../libti99/libti99.a(conio_bgcolor.o)
                0x000000000000cf40                reverse
                0x000000000000cf20                bordercolor
                0x000000000000cebc                bgcolor
                0x000000000000ceec                textcolor
 .text          0x000000000000cf44       0x8a ../../../libti99/libti99.a(vdp_putstring.o)
                0x000000000000cf44                putstring
 *(.gnu.warning)

.fini
 *(.fini)
                0x000000000000cfce                PROVIDE (__etext, .)
                0x000000000000cfce                PROVIDE (_etext, .)
                0x000000000000cfce                PROVIDE (etext, .)

.rodata
 *(.rodata .rodata.* .gnu.linkonce.r.*)

.rodata1
 *(.rodata1)

.sdata2
 *(.sdata2 .sdata2.* .gnu.linkonce.s2.*)

.sbss2
 *(.sbss2 .sbss2.* .gnu.linkonce.sb2.*)

.eh_frame_hdr
 *(.eh_frame_hdr)

.eh_frame
 *(.eh_frame)

.gcc_except_table
 *(.gcc_except_table .gcc_except_table.*)
                0x0000000000019fce                . = (ALIGN (0x200) + (. & 0xffffffffffffffff))

.eh_frame
 *(.eh_frame)

.gcc_except_table
 *(.gcc_except_table .gcc_except_table.*)

.tdata
 *(.tdata .tdata.* .gnu.linkonce.td.*)

.tbss
 *(.tbss .tbss.* .gnu.linkonce.tb.*)
 *(.tcommon)

.preinit_array  0x0000000000019fce        0x0
                0x0000000000019fce                PROVIDE (__preinit_array_start, .)
 *(.preinit_array)
                0x0000000000019fce                PROVIDE (__preinit_array_end, .)

.init_array     0x0000000000019fce        0x0
                0x0000000000019fce                PROVIDE (__init_array_start, .)
 *(SORT(.init_array.*))
 *(.init_array)
                0x0000000000019fce                PROVIDE (__init_array_end, .)

.fini_array     0x0000000000019fce        0x0
                0x0000000000019fce                PROVIDE (__fini_array_start, .)
 *(.fini_array)
 *(SORT(.fini_array.*))
                0x0000000000019fce                PROVIDE (__fini_array_end, .)

.ctors
 *crtbegin.o(.ctors)
 *crtbegin?.o(.ctors)
 *(EXCLUDE_FILE(*crtend?.o *crtend.o) .ctors)
 *(SORT(.ctors.*))
 *(.ctors)

.dtors
 *crtbegin.o(.dtors)
 *crtbegin?.o(.dtors)
 *(EXCLUDE_FILE(*crtend?.o *crtend.o) .dtors)
 *(SORT(.dtors.*))
 *(.dtors)

.jcr
 *(.jcr)

.data.rel.ro
 *(.data.rel.ro.local* .gnu.linkonce.d.rel.ro.local.*)
 *(.data.rel.ro* .gnu.linkonce.d.rel.ro.*)

.dynamic
 *(.dynamic)

.data           0x0000000000002080       0x64
 *(.data .data.* .gnu.linkonce.d.*)
 .data          0x0000000000002080        0x0 crt0_ea5.o
 .data          0x0000000000002080        0x0 sil_nes.o
 .data          0x0000000000002080        0x0 tisnplay.o
 .data          0x0000000000002080        0x0 CPlayerCommonHandEdit.o
 .data          0x0000000000002080       0x58 CPlayerTIHandEdit.o
                0x00000000000020cc                songNote
                0x00000000000020d6                retSave
                0x00000000000020c8                songVol
                0x0000000000002080                strDat
                0x00000000000020d4                workBuf
 .data          0x00000000000020d8        0x0 ../CPlayer/CPlayerTest.o
 .data          0x00000000000020d8        0x0 ../../../libti99/libti99.a(vdp_setgraphics.o)
 .data          0x00000000000020d8        0x0 ../../../libti99/libti99.a(kscan.o)
 .data          0x00000000000020d8        0x6 ../../../libti99/libti99.a(vdp_setmode.o)
                0x00000000000020d8                gColor
                0x00000000000020dc                gSprite
                0x00000000000020da                gPattern
 .data          0x00000000000020de        0x0 ../../../libti99/libti99.a(vdp_memset.o)
 .data          0x00000000000020de        0x0 ../../../libti99/libti99.a(vdp_sprite.o)
 .data          0x00000000000020de        0x0 ../../../libti99/libti99.a(vdp_waitvint.o)
 .data          0x00000000000020de        0x0 ../../../libti99/libti99.a(vdp_fasterhexprint.o)
 .data          0x00000000000020de        0x2 ../../../libti99/libti99.a(vdp_char.o)
                0x00000000000020de                vdpchar
 .data          0x00000000000020e0        0x0 ../../../libti99/libti99.a(vdp_vchar.o)
 .data          0x00000000000020e0        0x0 ../../../libti99/libti99.a(vdp_printf.o)
 .data          0x00000000000020e0        0x0 ../../../libti99/libti99.a(vdp_putchar.o)
 .data          0x00000000000020e0        0x2 ../../../libti99/libti99.a(vdp_scrnscroll.o)
                0x00000000000020e0                scrn_scroll
 .data          0x00000000000020e2        0x0 ../../../libti99/libti99.a(vdp_textdefs.o)
 .data          0x00000000000020e2        0x0 ../../../libti99/libti99.a(vdp_byte2hex.o)
 .data          0x00000000000020e2        0x0 ../../../libti99/libti99.a(str_uint2str.o)
 .data          0x00000000000020e2        0x0 ../../../libti99/libti99.a(str_strlen.o)
 .data          0x00000000000020e2        0x0 ../../../libti99/libti99.a(str_int2str.o)
 .data          0x00000000000020e2        0x0 ../../../libti99/libti99.a(vdp_hexprint.o)
 .data          0x00000000000020e2        0x0 ../../../libti99/libti99.a(vdp_memread.o)
 .data          0x00000000000020e2        0x0 ../../../libti99/libti99.a(vdp_memcpy.o)
 .data          0x00000000000020e2        0x2 ../../../libti99/libti99.a(conio_bgcolor.o)
                0x00000000000020e2                conio_scrnCol
 .data          0x00000000000020e4        0x0 ../../../libti99/libti99.a(vdp_putstring.o)

.data1
 *(.data1)

.got
 *(.got.plt)
 *(.got)

.sdata
 *(.sdata .sdata.* .gnu.linkonce.s.*)
                0x00000000000020e4                _edata = .
                0x00000000000020e4                PROVIDE (edata, .)
                0x00000000000020e4                __bss_start = .

.sbss
 *(.dynsbss)
 *(.sbss .sbss.* .gnu.linkonce.sb.*)
 *(.scommon)

.bss            0x00000000000020e4       0x28
 *(.dynbss)
 *(.bss .bss.* .gnu.linkonce.b.*)
 .bss           0x00000000000020e4        0x0 crt0_ea5.o
 .bss           0x00000000000020e4        0x0 sil_nes.o
 .bss           0x00000000000020e4        0x0 tisnplay.o
 .bss           0x00000000000020e4        0x0 CPlayerCommonHandEdit.o
 .bss           0x00000000000020e4        0x0 CPlayerTIHandEdit.o
 .bss           0x00000000000020e4        0x8 ../CPlayer/CPlayerTest.o
                0x00000000000020e4                test
 .bss           0x00000000000020ec        0x0 ../../../libti99/libti99.a(vdp_setgraphics.o)
 .bss           0x00000000000020ec        0x0 ../../../libti99/libti99.a(kscan.o)
 .bss           0x00000000000020ec        0x4 ../../../libti99/libti99.a(vdp_setmode.o)
                0x00000000000020ec                gImage
                0x00000000000020ee                gSpritePat
 .bss           0x00000000000020f0        0x0 ../../../libti99/libti99.a(vdp_memset.o)
 .bss           0x00000000000020f0        0x0 ../../../libti99/libti99.a(vdp_sprite.o)
 .bss           0x00000000000020f0        0x1 ../../../libti99/libti99.a(vdp_waitvint.o)
                0x00000000000020f0                gSaveIntCnt
 .bss           0x00000000000020f1        0x0 ../../../libti99/libti99.a(vdp_fasterhexprint.o)
 .bss           0x00000000000020f1        0x0 ../../../libti99/libti99.a(vdp_char.o)
 .bss           0x00000000000020f1        0x0 ../../../libti99/libti99.a(vdp_vchar.o)
 .bss           0x00000000000020f1        0x0 ../../../libti99/libti99.a(vdp_printf.o)
 .bss           0x00000000000020f1        0x0 ../../../libti99/libti99.a(vdp_putchar.o)
 .bss           0x00000000000020f1        0x0 ../../../libti99/libti99.a(vdp_scrnscroll.o)
 *fill*         0x00000000000020f1        0x1 00
 .bss           0x00000000000020f2        0x8 ../../../libti99/libti99.a(vdp_textdefs.o)
                0x00000000000020f2                nTextRow
                0x00000000000020f4                nTextEnd
                0x00000000000020f8                nTextFlags
                0x00000000000020f6                nTextPos
 .bss           0x00000000000020fa        0x0 ../../../libti99/libti99.a(vdp_byte2hex.o)
 .bss           0x00000000000020fa        0x8 ../../../libti99/libti99.a(str_uint2str.o)
 .bss           0x0000000000002102        0x0 ../../../libti99/libti99.a(str_strlen.o)
 .bss           0x0000000000002102        0x8 ../../../libti99/libti99.a(str_int2str.o)
 .bss           0x000000000000210a        0x0 ../../../libti99/libti99.a(vdp_hexprint.o)
 .bss           0x000000000000210a        0x0 ../../../libti99/libti99.a(vdp_memread.o)
 .bss           0x000000000000210a        0x0 ../../../libti99/libti99.a(vdp_memcpy.o)
 .bss           0x000000000000210a        0x0 ../../../libti99/libti99.a(conio_bgcolor.o)
 .bss           0x000000000000210a        0x0 ../../../libti99/libti99.a(vdp_putstring.o)
 *(COMMON)
                0x000000000000210c                . = ALIGN ((. != 0x0)?0x4:0x1)
 *fill*         0x000000000000210a        0x2 00
                0x000000000000210c                . = ALIGN (0x4)
                0x000000000000210c                . = ALIGN (0x4)
                0x000000000000210c                _end = .
                0x000000000000210c                PROVIDE (end, .)

.stab
 *(.stab)

.stabstr
 *(.stabstr)

.stab.excl
 *(.stab.excl)

.stab.exclstr
 *(.stab.exclstr)

.stab.index
 *(.stab.index)

.stab.indexstr
 *(.stab.indexstr)

.comment
 *(.comment)

.debug
 *(.debug)

.line
 *(.line)

.debug_srcinfo
 *(.debug_srcinfo)

.debug_sfnames
 *(.debug_sfnames)

.debug_aranges
 *(.debug_aranges)

.debug_pubnames
 *(.debug_pubnames)

.debug_info
 *(.debug_info .gnu.linkonce.wi.*)

.debug_abbrev
 *(.debug_abbrev)

.debug_line
 *(.debug_line)

.debug_frame
 *(.debug_frame)

.debug_str
 *(.debug_str)

.debug_loc
 *(.debug_loc)

.debug_macinfo
 *(.debug_macinfo)

.debug_weaknames
 *(.debug_weaknames)

.debug_funcnames
 *(.debug_funcnames)

.debug_typenames
 *(.debug_typenames)

.debug_varnames
 *(.debug_varnames)

.debug_pubtypes
 *(.debug_pubtypes)

.debug_ranges
 *(.debug_ranges)

.gnu.attributes
 *(.gnu.attributes)

/DISCARD/
 *(.note.GNU-stack)
 *(.gnu_debuglink)
OUTPUT(tisnplay.ea5.elf elf32-tms9900)
