Archive member included because of file (symbol)

../../../libti99/libti99.a(vdp_setgraphics.o)
                              tisnplay.o (set_graphics)
../../../libti99/libti99.a(kscan.o)
                              tisnplay.o (kscan)
../../../libti99/libti99.a(vdp_sprite.o)
                              tisnplay.o (sprite)
../../../libti99/libti99.a(vdp_waitvint.o)
                              tisnplay.o (vdpwaitvint)
../../../libti99/libti99.a(vdp_setmode.o)
                              tisnplay.o (gImage)
../../../libti99/libti99.a(vdp_fasterhexprint.o)
                              tisnplay.o (faster_hexprint)
../../../libti99/libti99.a(vdp_char.o)
                              ../../../libti99/libti99.a(vdp_setgraphics.o) (vdpchar_default)
../../../libti99/libti99.a(vdp_vchar.o)
                              tisnplay.o (vchar)
../../../libti99/libti99.a(vdp_printf.o)
                              ../CPlayer/CPlayerTest.o (printf)
../../../libti99/libti99.a(vdp_putchar.o)
                              ../CPlayer/CPlayerTest.o (putchar)
../../../libti99/libti99.a(vdp_scrnscroll.o)
                              ../../../libti99/libti99.a(vdp_setgraphics.o) (scrn_scroll_default)
../../../libti99/libti99.a(vdp_textdefs.o)
                              ../../../libti99/libti99.a(vdp_setgraphics.o) (nTextRow)
../../../libti99/libti99.a(vdp_byte2hex.o)
                              ../../../libti99/libti99.a(vdp_fasterhexprint.o) (byte2hex)
../../../libti99/libti99.a(str_uint2str.o)
                              ../../../libti99/libti99.a(vdp_printf.o) (uint2str)
../../../libti99/libti99.a(str_strlen.o)
                              ../../../libti99/libti99.a(vdp_printf.o) (strlen)
../../../libti99/libti99.a(str_int2str.o)
                              ../../../libti99/libti99.a(vdp_printf.o) (int2str)
../../../libti99/libti99.a(vdp_hexprint.o)
                              ../../../libti99/libti99.a(vdp_printf.o) (hexprint)
../../../libti99/libti99.a(vdp_memread.o)
                              ../../../libti99/libti99.a(vdp_scrnscroll.o) (vdpmemread)
../../../libti99/libti99.a(vdp_memcpy.o)
                              ../../../libti99/libti99.a(vdp_scrnscroll.o) (vdpmemcpy)
../../../libti99/libti99.a(vdp_memset.o)
                              ../../../libti99/libti99.a(vdp_scrnscroll.o) (vdpmemset)
../../../libti99/libti99.a(conio_bgcolor.o)
                              ../../../libti99/libti99.a(vdp_scrnscroll.o) (conio_scrnCol)
../../../libti99/libti99.a(vdp_putstring.o)
                              ../../../libti99/libti99.a(vdp_hexprint.o) (putstring)

Memory Configuration

Name             Origin             Length             Attributes
*default*        0x0000000000000000 0xffffffffffffffff

Linker script and memory map

LOAD crt0_ea5.o
LOAD sil_nes.o
LOAD tisnplay.o
LOAD CPlayerTIHandEdit.o
LOAD CPlayerCommonHandEdit.o
LOAD ../CPlayer/CPlayerTest.o
LOAD ../../../libti99/libti99.a
Address of section .text set to 0xa000
Address of section .data set to 0x2080
                0x000000000000a000                PROVIDE (__executable_start, 0xa000)
                0x000000000000a074                . = (0xa000 + SIZEOF_HEADERS)

.interp
 *(.interp)

.note.gnu.build-id
 *(.note.gnu.build-id)

.hash
 *(.hash)

.gnu.hash
 *(.gnu.hash)

.dynsym
 *(.dynsym)

.dynstr
 *(.dynstr)

.gnu.version
 *(.gnu.version)

.gnu.version_d
 *(.gnu.version_d)

.gnu.version_r
 *(.gnu.version_r)

.rel.init
 *(.rel.init)

.rela.init
 *(.rela.init)

.rel.text
 *(.rel.text .rel.text.* .rel.gnu.linkonce.t.*)

.rela.text
 *(.rela.text .rela.text.* .rela.gnu.linkonce.t.*)

.rel.fini
 *(.rel.fini)

.rela.fini
 *(.rela.fini)

.rel.rodata
 *(.rel.rodata .rel.rodata.* .rel.gnu.linkonce.r.*)

.rela.rodata
 *(.rela.rodata .rela.rodata.* .rela.gnu.linkonce.r.*)

.rel.data.rel.ro
 *(.rel.data.rel.ro* .rel.gnu.linkonce.d.rel.ro.*)

.rela.data.rel.ro
 *(.rela.data.rel.ro* .rela.gnu.linkonce.d.rel.ro.*)

.rel.data
 *(.rel.data .rel.data.* .rel.gnu.linkonce.d.*)

.rela.data
 *(.rela.data .rela.data.* .rela.gnu.linkonce.d.*)

.rel.tdata
 *(.rel.tdata .rel.tdata.* .rel.gnu.linkonce.td.*)

.rela.tdata
 *(.rela.tdata .rela.tdata.* .rela.gnu.linkonce.td.*)

.rel.tbss
 *(.rel.tbss .rel.tbss.* .rel.gnu.linkonce.tb.*)

.rela.tbss
 *(.rela.tbss .rela.tbss.* .rela.gnu.linkonce.tb.*)

.rel.ctors
 *(.rel.ctors)

.rela.ctors
 *(.rela.ctors)

.rel.dtors
 *(.rel.dtors)

.rela.dtors
 *(.rela.dtors)

.rel.got
 *(.rel.got)

.rela.got
 *(.rela.got)

.rel.sdata
 *(.rel.sdata .rel.sdata.* .rel.gnu.linkonce.s.*)

.rela.sdata
 *(.rela.sdata .rela.sdata.* .rela.gnu.linkonce.s.*)

.rel.sbss
 *(.rel.sbss .rel.sbss.* .rel.gnu.linkonce.sb.*)

.rela.sbss
 *(.rela.sbss .rela.sbss.* .rela.gnu.linkonce.sb.*)

.rel.sdata2
 *(.rel.sdata2 .rel.sdata2.* .rel.gnu.linkonce.s2.*)

.rela.sdata2
 *(.rela.sdata2 .rela.sdata2.* .rela.gnu.linkonce.s2.*)

.rel.sbss2
 *(.rel.sbss2 .rel.sbss2.* .rel.gnu.linkonce.sb2.*)

.rela.sbss2
 *(.rela.sbss2 .rela.sbss2.* .rela.gnu.linkonce.sb2.*)

.rel.bss
 *(.rel.bss .rel.bss.* .rel.gnu.linkonce.b.*)

.rela.bss
 *(.rela.bss .rela.bss.* .rela.gnu.linkonce.b.*)

.rel.plt
 *(.rel.plt)

.rela.plt
 *(.rela.plt)

.init
 *(.init)

.plt
 *(.plt)

.text           0x000000000000a000     0x3150
 *(.text .stub .text.* .gnu.linkonce.t.*)
 .text          0x000000000000a000       0x3c crt0_ea5.o
                0x000000000000a000                _start
                0x000000000000a032                _init_data
 .text          0x000000000000a03c     0x1cd8 sil_nes.o
                0x000000000000a03c                mysong
 .text          0x000000000000bd14      0x1c4 tisnplay.o
                0x000000000000bd14                wrapInt
                0x000000000000bd2a                main
 .text          0x000000000000bed8      0x354 CPlayerTIHandEdit.o
                0x000000000000bf7e                SongLoop
                0x000000000000bedc                StartSong
                0x000000000000bf78                StopSong
 .text          0x000000000000c22c      0x16e CPlayerCommonHandEdit.o
                0x000000000000c250                getDatRLE
                0x000000000000c360                L29
                0x000000000000c290                getCompressedByte
                0x000000000000c248                getDatInline
                0x000000000000c27c                getDatRLE24
                0x000000000000c26a                getDatRLE16
                0x000000000000c256                getDatRLE32
 .text          0x000000000000c39a      0x325 ../CPlayer/CPlayerTest.o
                0x000000000000c3de                runTest
                0x000000000000c5b8                PlayerUnitTest
 *fill*         0x000000000000c6bf        0x1 00000000
 .text          0x000000000000c6c0       0xde ../../../libti99/libti99.a(vdp_setgraphics.o)
                0x000000000000c6c0                set_graphics_raw
                0x000000000000c780                set_graphics
 .text          0x000000000000c79e       0x16 ../../../libti99/libti99.a(kscan.o)
                0x000000000000c79e                kscan
 .text          0x000000000000c7b4       0x30 ../../../libti99/libti99.a(vdp_sprite.o)
                0x000000000000c7b4                sprite
 .text          0x000000000000c7e4       0x1c ../../../libti99/libti99.a(vdp_waitvint.o)
                0x000000000000c7e4                vdpwaitvint
 .text          0x000000000000c800        0x0 ../../../libti99/libti99.a(vdp_setmode.o)
 .text          0x000000000000c800       0x16 ../../../libti99/libti99.a(vdp_fasterhexprint.o)
                0x000000000000c800                faster_hexprint
 .text          0x000000000000c816       0x1c ../../../libti99/libti99.a(vdp_char.o)
                0x000000000000c816                vdpchar_default
 .text          0x000000000000c832       0x40 ../../../libti99/libti99.a(vdp_vchar.o)
                0x000000000000c832                vchar
 .text          0x000000000000c872      0x252 ../../../libti99/libti99.a(vdp_printf.o)
                0x000000000000c872                printf
 .text          0x000000000000cac4       0x52 ../../../libti99/libti99.a(vdp_putchar.o)
                0x000000000000cac4                putchar
 .text          0x000000000000cb16      0x108 ../../../libti99/libti99.a(vdp_scrnscroll.o)
                0x000000000000cb16                scrn_scroll_default
 .text          0x000000000000cc1e        0x0 ../../../libti99/libti99.a(vdp_textdefs.o)
 .text          0x000000000000cc1e      0x200 ../../../libti99/libti99.a(vdp_byte2hex.o)
                0x000000000000cc1e                byte2hex
 .text          0x000000000000ce1e       0x6a ../../../libti99/libti99.a(str_uint2str.o)
                0x000000000000ce1e                uint2str
 .text          0x000000000000ce88       0x22 ../../../libti99/libti99.a(str_strlen.o)
                0x000000000000ce88                strlen
 .text          0x000000000000ceaa       0xbe ../../../libti99/libti99.a(str_int2str.o)
                0x000000000000ceaa                int2str
 .text          0x000000000000cf68       0x5a ../../../libti99/libti99.a(vdp_hexprint.o)
                0x000000000000cf68                hexprint
 .text          0x000000000000cfc2       0x26 ../../../libti99/libti99.a(vdp_memread.o)
                0x000000000000cfc2                vdpmemread
 .text          0x000000000000cfe8       0x2c ../../../libti99/libti99.a(vdp_memcpy.o)
                0x000000000000cfe8                vdpmemcpy
 .text          0x000000000000d014       0x2a ../../../libti99/libti99.a(vdp_memset.o)
                0x000000000000d014                vdpmemset
 .text          0x000000000000d03e       0x88 ../../../libti99/libti99.a(conio_bgcolor.o)
                0x000000000000d0c2                reverse
                0x000000000000d0a2                bordercolor
                0x000000000000d03e                bgcolor
                0x000000000000d06e                textcolor
 .text          0x000000000000d0c6       0x8a ../../../libti99/libti99.a(vdp_putstring.o)
                0x000000000000d0c6                putstring
 *(.gnu.warning)

.fini
 *(.fini)
                0x000000000000d150                PROVIDE (__etext, .)
                0x000000000000d150                PROVIDE (_etext, .)
                0x000000000000d150                PROVIDE (etext, .)

.rodata
 *(.rodata .rodata.* .gnu.linkonce.r.*)

.rodata1
 *(.rodata1)

.sdata2
 *(.sdata2 .sdata2.* .gnu.linkonce.s2.*)

.sbss2
 *(.sbss2 .sbss2.* .gnu.linkonce.sb2.*)

.eh_frame_hdr
 *(.eh_frame_hdr)

.eh_frame
 *(.eh_frame)

.gcc_except_table
 *(.gcc_except_table .gcc_except_table.*)
                0x000000000001a350                . = (ALIGN (0x200) + (. & 0xffffffffffffffff))

.eh_frame
 *(.eh_frame)

.gcc_except_table
 *(.gcc_except_table .gcc_except_table.*)

.tdata
 *(.tdata .tdata.* .gnu.linkonce.td.*)

.tbss
 *(.tbss .tbss.* .gnu.linkonce.tb.*)
 *(.tcommon)

.preinit_array  0x000000000001a350        0x0
                0x000000000001a350                PROVIDE (__preinit_array_start, .)
 *(.preinit_array)
                0x000000000001a350                PROVIDE (__preinit_array_end, .)

.init_array     0x000000000001a350        0x0
                0x000000000001a350                PROVIDE (__init_array_start, .)
 *(SORT(.init_array.*))
 *(.init_array)
                0x000000000001a350                PROVIDE (__init_array_end, .)

.fini_array     0x000000000001a350        0x0
                0x000000000001a350                PROVIDE (__fini_array_start, .)
 *(.fini_array)
 *(SORT(.fini_array.*))
                0x000000000001a350                PROVIDE (__fini_array_end, .)

.ctors
 *crtbegin.o(.ctors)
 *crtbegin?.o(.ctors)
 *(EXCLUDE_FILE(*crtend?.o *crtend.o) .ctors)
 *(SORT(.ctors.*))
 *(.ctors)

.dtors
 *crtbegin.o(.dtors)
 *crtbegin?.o(.dtors)
 *(EXCLUDE_FILE(*crtend?.o *crtend.o) .dtors)
 *(SORT(.dtors.*))
 *(.dtors)

.jcr
 *(.jcr)

.data.rel.ro
 *(.data.rel.ro.local* .gnu.linkonce.d.rel.ro.local.*)
 *(.data.rel.ro* .gnu.linkonce.d.rel.ro.*)

.dynamic
 *(.dynamic)

.data           0x0000000000002080        0xc
 *(.data .data.* .gnu.linkonce.d.*)
 .data          0x0000000000002080        0x0 crt0_ea5.o
 .data          0x0000000000002080        0x0 sil_nes.o
 .data          0x0000000000002080        0x0 tisnplay.o
 .data          0x0000000000002080        0x0 CPlayerTIHandEdit.o
 .data          0x0000000000002080        0x0 CPlayerCommonHandEdit.o
 .data          0x0000000000002080        0x0 ../CPlayer/CPlayerTest.o
 .data          0x0000000000002080        0x0 ../../../libti99/libti99.a(vdp_setgraphics.o)
 .data          0x0000000000002080        0x0 ../../../libti99/libti99.a(kscan.o)
 .data          0x0000000000002080        0x0 ../../../libti99/libti99.a(vdp_sprite.o)
 .data          0x0000000000002080        0x0 ../../../libti99/libti99.a(vdp_waitvint.o)
 .data          0x0000000000002080        0x6 ../../../libti99/libti99.a(vdp_setmode.o)
                0x0000000000002080                gColor
                0x0000000000002084                gSprite
                0x0000000000002082                gPattern
 .data          0x0000000000002086        0x0 ../../../libti99/libti99.a(vdp_fasterhexprint.o)
 .data          0x0000000000002086        0x2 ../../../libti99/libti99.a(vdp_char.o)
                0x0000000000002086                vdpchar
 .data          0x0000000000002088        0x0 ../../../libti99/libti99.a(vdp_vchar.o)
 .data          0x0000000000002088        0x0 ../../../libti99/libti99.a(vdp_printf.o)
 .data          0x0000000000002088        0x0 ../../../libti99/libti99.a(vdp_putchar.o)
 .data          0x0000000000002088        0x2 ../../../libti99/libti99.a(vdp_scrnscroll.o)
                0x0000000000002088                scrn_scroll
 .data          0x000000000000208a        0x0 ../../../libti99/libti99.a(vdp_textdefs.o)
 .data          0x000000000000208a        0x0 ../../../libti99/libti99.a(vdp_byte2hex.o)
 .data          0x000000000000208a        0x0 ../../../libti99/libti99.a(str_uint2str.o)
 .data          0x000000000000208a        0x0 ../../../libti99/libti99.a(str_strlen.o)
 .data          0x000000000000208a        0x0 ../../../libti99/libti99.a(str_int2str.o)
 .data          0x000000000000208a        0x0 ../../../libti99/libti99.a(vdp_hexprint.o)
 .data          0x000000000000208a        0x0 ../../../libti99/libti99.a(vdp_memread.o)
 .data          0x000000000000208a        0x0 ../../../libti99/libti99.a(vdp_memcpy.o)
 .data          0x000000000000208a        0x0 ../../../libti99/libti99.a(vdp_memset.o)
 .data          0x000000000000208a        0x2 ../../../libti99/libti99.a(conio_bgcolor.o)
                0x000000000000208a                conio_scrnCol
 .data          0x000000000000208c        0x0 ../../../libti99/libti99.a(vdp_putstring.o)

.data1
 *(.data1)

.got
 *(.got.plt)
 *(.got)

.sdata
 *(.sdata .sdata.* .gnu.linkonce.s.*)
                0x000000000000208c                _edata = .
                0x000000000000208c                PROVIDE (edata, .)
                0x000000000000208c                __bss_start = .

.sbss
 *(.dynsbss)
 *(.sbss .sbss.* .gnu.linkonce.sb.*)
 *(.scommon)

.bss            0x000000000000208c       0x98
 *(.dynbss)
 *(.bss .bss.* .gnu.linkonce.b.*)
 .bss           0x000000000000208c        0x0 crt0_ea5.o
 .bss           0x000000000000208c        0x0 sil_nes.o
 .bss           0x000000000000208c        0x0 tisnplay.o
 .bss           0x000000000000208c       0x6e CPlayerTIHandEdit.o
                0x00000000000020f6                streamoffset
                0x00000000000020ec                songNote
                0x00000000000020f4                songActive
                0x00000000000020e8                songVol
                0x00000000000020f8                toneoffset
                0x000000000000208c                workBuf
 .bss           0x00000000000020fa        0x0 CPlayerCommonHandEdit.o
 .bss           0x00000000000020fa        0xa ../CPlayer/CPlayerTest.o
                0x00000000000020fa                test
 .bss           0x0000000000002104        0x0 ../../../libti99/libti99.a(vdp_setgraphics.o)
 .bss           0x0000000000002104        0x0 ../../../libti99/libti99.a(kscan.o)
 .bss           0x0000000000002104        0x0 ../../../libti99/libti99.a(vdp_sprite.o)
 .bss           0x0000000000002104        0x1 ../../../libti99/libti99.a(vdp_waitvint.o)
                0x0000000000002104                gSaveIntCnt
 *fill*         0x0000000000002105        0x1 00
 .bss           0x0000000000002106        0x4 ../../../libti99/libti99.a(vdp_setmode.o)
                0x0000000000002106                gImage
                0x0000000000002108                gSpritePat
 .bss           0x000000000000210a        0x0 ../../../libti99/libti99.a(vdp_fasterhexprint.o)
 .bss           0x000000000000210a        0x0 ../../../libti99/libti99.a(vdp_char.o)
 .bss           0x000000000000210a        0x0 ../../../libti99/libti99.a(vdp_vchar.o)
 .bss           0x000000000000210a        0x0 ../../../libti99/libti99.a(vdp_printf.o)
 .bss           0x000000000000210a        0x0 ../../../libti99/libti99.a(vdp_putchar.o)
 .bss           0x000000000000210a        0x0 ../../../libti99/libti99.a(vdp_scrnscroll.o)
 .bss           0x000000000000210a        0x8 ../../../libti99/libti99.a(vdp_textdefs.o)
                0x000000000000210a                nTextRow
                0x000000000000210c                nTextEnd
                0x0000000000002110                nTextFlags
                0x000000000000210e                nTextPos
 .bss           0x0000000000002112        0x0 ../../../libti99/libti99.a(vdp_byte2hex.o)
 .bss           0x0000000000002112        0x8 ../../../libti99/libti99.a(str_uint2str.o)
 .bss           0x000000000000211a        0x0 ../../../libti99/libti99.a(str_strlen.o)
 .bss           0x000000000000211a        0x8 ../../../libti99/libti99.a(str_int2str.o)
 .bss           0x0000000000002122        0x0 ../../../libti99/libti99.a(vdp_hexprint.o)
 .bss           0x0000000000002122        0x0 ../../../libti99/libti99.a(vdp_memread.o)
 .bss           0x0000000000002122        0x0 ../../../libti99/libti99.a(vdp_memcpy.o)
 .bss           0x0000000000002122        0x0 ../../../libti99/libti99.a(vdp_memset.o)
 .bss           0x0000000000002122        0x0 ../../../libti99/libti99.a(conio_bgcolor.o)
 .bss           0x0000000000002122        0x0 ../../../libti99/libti99.a(vdp_putstring.o)
 *(COMMON)
                0x0000000000002124                . = ALIGN ((. != 0x0)?0x4:0x1)
 *fill*         0x0000000000002122        0x2 00
                0x0000000000002124                . = ALIGN (0x4)
                0x0000000000002124                . = ALIGN (0x4)
                0x0000000000002124                _end = .
                0x0000000000002124                PROVIDE (end, .)

.stab
 *(.stab)

.stabstr
 *(.stabstr)

.stab.excl
 *(.stab.excl)

.stab.exclstr
 *(.stab.exclstr)

.stab.index
 *(.stab.index)

.stab.indexstr
 *(.stab.indexstr)

.comment
 *(.comment)

.debug
 *(.debug)

.line
 *(.line)

.debug_srcinfo
 *(.debug_srcinfo)

.debug_sfnames
 *(.debug_sfnames)

.debug_aranges
 *(.debug_aranges)

.debug_pubnames
 *(.debug_pubnames)

.debug_info
 *(.debug_info .gnu.linkonce.wi.*)

.debug_abbrev
 *(.debug_abbrev)

.debug_line
 *(.debug_line)

.debug_frame
 *(.debug_frame)

.debug_str
 *(.debug_str)

.debug_loc
 *(.debug_loc)

.debug_macinfo
 *(.debug_macinfo)

.debug_weaknames
 *(.debug_weaknames)

.debug_funcnames
 *(.debug_funcnames)

.debug_typenames
 *(.debug_typenames)

.debug_varnames
 *(.debug_varnames)

.debug_pubtypes
 *(.debug_pubtypes)

.debug_ranges
 *(.debug_ranges)

.gnu.attributes
 *(.gnu.attributes)

/DISCARD/
 *(.note.GNU-stack)
 *(.gnu_debuglink)
OUTPUT(tisnplay.ea5.elf elf32-tms9900)
