Archive member included because of file (symbol)

../../../libti99/libti99.a(vdp_setgraphics.o)
                              tisnplay.o (set_graphics)
../../../libti99/libti99.a(kscan.o)
                              tisnplay.o (kscan)
../../../libti99/libti99.a(vdp_setmode.o)
                              tisnplay.o (gImage)
../../../libti99/libti99.a(vdp_memset.o)
                              tisnplay.o (vdpmemset)
../../../libti99/libti99.a(vdp_sprite.o)
                              tisnplay.o (sprite)
../../../libti99/libti99.a(vdp_waitvint.o)
                              tisnplay.o (vdpwaitvint)
../../../libti99/libti99.a(vdp_fasterhexprint.o)
                              tisnplay.o (faster_hexprint)
../../../libti99/libti99.a(vdp_char.o)
                              ../../../libti99/libti99.a(vdp_setgraphics.o) (vdpchar_default)
../../../libti99/libti99.a(vdp_vchar.o)
                              tisnplay.o (vchar)
../../../libti99/libti99.a(vdp_printf.o)
                              ../CPlayer/CPlayerTest.o (printf)
../../../libti99/libti99.a(vdp_putchar.o)
                              ../CPlayer/CPlayerTest.o (putchar)
../../../libti99/libti99.a(vdp_scrnscroll.o)
                              ../../../libti99/libti99.a(vdp_setgraphics.o) (scrn_scroll_default)
../../../libti99/libti99.a(vdp_textdefs.o)
                              ../../../libti99/libti99.a(vdp_setgraphics.o) (nTextRow)
../../../libti99/libti99.a(vdp_byte2hex.o)
                              ../../../libti99/libti99.a(vdp_fasterhexprint.o) (byte2hex)
../../../libti99/libti99.a(str_uint2str.o)
                              ../../../libti99/libti99.a(vdp_printf.o) (uint2str)
../../../libti99/libti99.a(str_strlen.o)
                              ../../../libti99/libti99.a(vdp_printf.o) (strlen)
../../../libti99/libti99.a(str_int2str.o)
                              ../../../libti99/libti99.a(vdp_printf.o) (int2str)
../../../libti99/libti99.a(vdp_hexprint.o)
                              ../../../libti99/libti99.a(vdp_printf.o) (hexprint)
../../../libti99/libti99.a(vdp_memread.o)
                              ../../../libti99/libti99.a(vdp_scrnscroll.o) (vdpmemread)
../../../libti99/libti99.a(vdp_memcpy.o)
                              ../../../libti99/libti99.a(vdp_scrnscroll.o) (vdpmemcpy)
../../../libti99/libti99.a(conio_bgcolor.o)
                              ../../../libti99/libti99.a(vdp_scrnscroll.o) (conio_scrnCol)
../../../libti99/libti99.a(vdp_putstring.o)
                              ../../../libti99/libti99.a(vdp_hexprint.o) (putstring)

Memory Configuration

Name             Origin             Length             Attributes
*default*        0x0000000000000000 0xffffffffffffffff

Linker script and memory map

LOAD crt0_ea5.o
LOAD sil_nes.o
LOAD tisnplay.o
LOAD CPlayerCommonHandEdit.o
LOAD CPlayerTIHandEdit.o
LOAD ../CPlayer/CPlayerTest.o
LOAD ../../../libti99/libti99.a
Address of section .text set to 0xa000
Address of section .data set to 0x2080
                0x000000000000a000                PROVIDE (__executable_start, 0xa000)
                0x000000000000a074                . = (0xa000 + SIZEOF_HEADERS)

.interp
 *(.interp)

.note.gnu.build-id
 *(.note.gnu.build-id)

.hash
 *(.hash)

.gnu.hash
 *(.gnu.hash)

.dynsym
 *(.dynsym)

.dynstr
 *(.dynstr)

.gnu.version
 *(.gnu.version)

.gnu.version_d
 *(.gnu.version_d)

.gnu.version_r
 *(.gnu.version_r)

.rel.init
 *(.rel.init)

.rela.init
 *(.rela.init)

.rel.text
 *(.rel.text .rel.text.* .rel.gnu.linkonce.t.*)

.rela.text
 *(.rela.text .rela.text.* .rela.gnu.linkonce.t.*)

.rel.fini
 *(.rel.fini)

.rela.fini
 *(.rela.fini)

.rel.rodata
 *(.rel.rodata .rel.rodata.* .rel.gnu.linkonce.r.*)

.rela.rodata
 *(.rela.rodata .rela.rodata.* .rela.gnu.linkonce.r.*)

.rel.data.rel.ro
 *(.rel.data.rel.ro* .rel.gnu.linkonce.d.rel.ro.*)

.rela.data.rel.ro
 *(.rela.data.rel.ro* .rela.gnu.linkonce.d.rel.ro.*)

.rel.data
 *(.rel.data .rel.data.* .rel.gnu.linkonce.d.*)

.rela.data
 *(.rela.data .rela.data.* .rela.gnu.linkonce.d.*)

.rel.tdata
 *(.rel.tdata .rel.tdata.* .rel.gnu.linkonce.td.*)

.rela.tdata
 *(.rela.tdata .rela.tdata.* .rela.gnu.linkonce.td.*)

.rel.tbss
 *(.rel.tbss .rel.tbss.* .rel.gnu.linkonce.tb.*)

.rela.tbss
 *(.rela.tbss .rela.tbss.* .rela.gnu.linkonce.tb.*)

.rel.ctors
 *(.rel.ctors)

.rela.ctors
 *(.rela.ctors)

.rel.dtors
 *(.rel.dtors)

.rela.dtors
 *(.rela.dtors)

.rel.got
 *(.rel.got)

.rela.got
 *(.rela.got)

.rel.sdata
 *(.rel.sdata .rel.sdata.* .rel.gnu.linkonce.s.*)

.rela.sdata
 *(.rela.sdata .rela.sdata.* .rela.gnu.linkonce.s.*)

.rel.sbss
 *(.rel.sbss .rel.sbss.* .rel.gnu.linkonce.sb.*)

.rela.sbss
 *(.rela.sbss .rela.sbss.* .rela.gnu.linkonce.sb.*)

.rel.sdata2
 *(.rel.sdata2 .rel.sdata2.* .rel.gnu.linkonce.s2.*)

.rela.sdata2
 *(.rela.sdata2 .rela.sdata2.* .rela.gnu.linkonce.s2.*)

.rel.sbss2
 *(.rel.sbss2 .rel.sbss2.* .rel.gnu.linkonce.sb2.*)

.rela.sbss2
 *(.rela.sbss2 .rela.sbss2.* .rela.gnu.linkonce.sb2.*)

.rel.bss
 *(.rel.bss .rel.bss.* .rel.gnu.linkonce.b.*)

.rela.bss
 *(.rela.bss .rela.bss.* .rela.gnu.linkonce.b.*)

.rel.plt
 *(.rel.plt)

.rela.plt
 *(.rela.plt)

.init
 *(.init)

.plt
 *(.plt)

.text           0x000000000000a000     0x30c0
 *(.text .stub .text.* .gnu.linkonce.t.*)
 .text          0x000000000000a000       0x3c crt0_ea5.o
                0x000000000000a000                _start
                0x000000000000a032                _init_data
 .text          0x000000000000a03c     0x1cd8 sil_nes.o
                0x000000000000a03c                mysong
 .text          0x000000000000bd14      0x2ac tisnplay.o
                0x000000000000bd14                main
 .text          0x000000000000bfc0      0x17e CPlayerCommonHandEdit.o
                0x000000000000bfe4                getDatRLE
                0x000000000000bfc0                DAT0001
                0x000000000000c018                getCompressedByte
                0x000000000000bfdc                getDatInline
                0x000000000000c006                getDatRLE24
                0x000000000000bffc                getDatRLE16
                0x000000000000bfea                getDatRLE32
                0x000000000000c13a                getDatZero
 .text          0x000000000000c13e      0x18c CPlayerTIHandEdit.o
                0x000000000000c1a2                SongLoop
                0x000000000000c140                StartSong
                0x000000000000c19a                StopSong
 .text          0x000000000000c2ca      0x365 ../CPlayer/CPlayerTest.o
                0x000000000000c32e                runTest
                0x000000000000c510                PlayerUnitTest
                0x000000000000c2ca                getCompressedByteWrap
 *fill*         0x000000000000c62f        0x1 00000000
 .text          0x000000000000c630       0xde ../../../libti99/libti99.a(vdp_setgraphics.o)
                0x000000000000c630                set_graphics_raw
                0x000000000000c6f0                set_graphics
 .text          0x000000000000c70e       0x16 ../../../libti99/libti99.a(kscan.o)
                0x000000000000c70e                kscan
 .text          0x000000000000c724        0x0 ../../../libti99/libti99.a(vdp_setmode.o)
 .text          0x000000000000c724       0x2a ../../../libti99/libti99.a(vdp_memset.o)
                0x000000000000c724                vdpmemset
 .text          0x000000000000c74e       0x30 ../../../libti99/libti99.a(vdp_sprite.o)
                0x000000000000c74e                sprite
 .text          0x000000000000c77e       0x1c ../../../libti99/libti99.a(vdp_waitvint.o)
                0x000000000000c77e                vdpwaitvint
 .text          0x000000000000c79a       0x16 ../../../libti99/libti99.a(vdp_fasterhexprint.o)
                0x000000000000c79a                faster_hexprint
 .text          0x000000000000c7b0       0x1c ../../../libti99/libti99.a(vdp_char.o)
                0x000000000000c7b0                vdpchar_default
 .text          0x000000000000c7cc       0x40 ../../../libti99/libti99.a(vdp_vchar.o)
                0x000000000000c7cc                vchar
 .text          0x000000000000c80c      0x252 ../../../libti99/libti99.a(vdp_printf.o)
                0x000000000000c80c                printf
 .text          0x000000000000ca5e       0x52 ../../../libti99/libti99.a(vdp_putchar.o)
                0x000000000000ca5e                putchar
 .text          0x000000000000cab0      0x108 ../../../libti99/libti99.a(vdp_scrnscroll.o)
                0x000000000000cab0                scrn_scroll_default
 .text          0x000000000000cbb8        0x0 ../../../libti99/libti99.a(vdp_textdefs.o)
 .text          0x000000000000cbb8      0x200 ../../../libti99/libti99.a(vdp_byte2hex.o)
                0x000000000000cbb8                byte2hex
 .text          0x000000000000cdb8       0x6a ../../../libti99/libti99.a(str_uint2str.o)
                0x000000000000cdb8                uint2str
 .text          0x000000000000ce22       0x22 ../../../libti99/libti99.a(str_strlen.o)
                0x000000000000ce22                strlen
 .text          0x000000000000ce44       0xbe ../../../libti99/libti99.a(str_int2str.o)
                0x000000000000ce44                int2str
 .text          0x000000000000cf02       0x5a ../../../libti99/libti99.a(vdp_hexprint.o)
                0x000000000000cf02                hexprint
 .text          0x000000000000cf5c       0x26 ../../../libti99/libti99.a(vdp_memread.o)
                0x000000000000cf5c                vdpmemread
 .text          0x000000000000cf82       0x2c ../../../libti99/libti99.a(vdp_memcpy.o)
                0x000000000000cf82                vdpmemcpy
 .text          0x000000000000cfae       0x88 ../../../libti99/libti99.a(conio_bgcolor.o)
                0x000000000000d032                reverse
                0x000000000000d012                bordercolor
                0x000000000000cfae                bgcolor
                0x000000000000cfde                textcolor
 .text          0x000000000000d036       0x8a ../../../libti99/libti99.a(vdp_putstring.o)
                0x000000000000d036                putstring
 *(.gnu.warning)

.fini
 *(.fini)
                0x000000000000d0c0                PROVIDE (__etext, .)
                0x000000000000d0c0                PROVIDE (_etext, .)
                0x000000000000d0c0                PROVIDE (etext, .)

.rodata
 *(.rodata .rodata.* .gnu.linkonce.r.*)

.rodata1
 *(.rodata1)

.sdata2
 *(.sdata2 .sdata2.* .gnu.linkonce.s2.*)

.sbss2
 *(.sbss2 .sbss2.* .gnu.linkonce.sb2.*)

.eh_frame_hdr
 *(.eh_frame_hdr)

.eh_frame
 *(.eh_frame)

.gcc_except_table
 *(.gcc_except_table .gcc_except_table.*)
                0x000000000001a2c0                . = (ALIGN (0x200) + (. & 0xffffffffffffffff))

.eh_frame
 *(.eh_frame)

.gcc_except_table
 *(.gcc_except_table .gcc_except_table.*)

.tdata
 *(.tdata .tdata.* .gnu.linkonce.td.*)

.tbss
 *(.tbss .tbss.* .gnu.linkonce.tb.*)
 *(.tcommon)

.preinit_array  0x000000000001a2c0        0x0
                0x000000000001a2c0                PROVIDE (__preinit_array_start, .)
 *(.preinit_array)
                0x000000000001a2c0                PROVIDE (__preinit_array_end, .)

.init_array     0x000000000001a2c0        0x0
                0x000000000001a2c0                PROVIDE (__init_array_start, .)
 *(SORT(.init_array.*))
 *(.init_array)
                0x000000000001a2c0                PROVIDE (__init_array_end, .)

.fini_array     0x000000000001a2c0        0x0
                0x000000000001a2c0                PROVIDE (__fini_array_start, .)
 *(.fini_array)
 *(SORT(.fini_array.*))
                0x000000000001a2c0                PROVIDE (__fini_array_end, .)

.ctors
 *crtbegin.o(.ctors)
 *crtbegin?.o(.ctors)
 *(EXCLUDE_FILE(*crtend?.o *crtend.o) .ctors)
 *(SORT(.ctors.*))
 *(.ctors)

.dtors
 *crtbegin.o(.dtors)
 *crtbegin?.o(.dtors)
 *(EXCLUDE_FILE(*crtend?.o *crtend.o) .dtors)
 *(SORT(.dtors.*))
 *(.dtors)

.jcr
 *(.jcr)

.data.rel.ro
 *(.data.rel.ro.local* .gnu.linkonce.d.rel.ro.local.*)
 *(.data.rel.ro* .gnu.linkonce.d.rel.ro.*)

.dynamic
 *(.dynamic)

.data           0x0000000000002080       0x72
 *(.data .data.* .gnu.linkonce.d.*)
 .data          0x0000000000002080        0x0 crt0_ea5.o
 .data          0x0000000000002080        0x0 sil_nes.o
 .data          0x0000000000002080        0x0 tisnplay.o
 .data          0x0000000000002080        0xe CPlayerCommonHandEdit.o
                0x0000000000002080                cntInline
                0x000000000000208c                RLEBUF
                0x000000000000208a                cntBack
                0x0000000000002084                cntRle16
                0x0000000000002088                cntRle32
                0x0000000000002086                cntRle24
                0x0000000000002082                cntRle
 .data          0x000000000000208e       0x58 CPlayerTIHandEdit.o
                0x00000000000020da                songNote
                0x00000000000020e4                retSave
                0x00000000000020d6                songVol
                0x000000000000208e                strDat
                0x00000000000020e2                workBuf
 .data          0x00000000000020e6        0x0 ../CPlayer/CPlayerTest.o
 .data          0x00000000000020e6        0x0 ../../../libti99/libti99.a(vdp_setgraphics.o)
 .data          0x00000000000020e6        0x0 ../../../libti99/libti99.a(kscan.o)
 .data          0x00000000000020e6        0x6 ../../../libti99/libti99.a(vdp_setmode.o)
                0x00000000000020e6                gColor
                0x00000000000020ea                gSprite
                0x00000000000020e8                gPattern
 .data          0x00000000000020ec        0x0 ../../../libti99/libti99.a(vdp_memset.o)
 .data          0x00000000000020ec        0x0 ../../../libti99/libti99.a(vdp_sprite.o)
 .data          0x00000000000020ec        0x0 ../../../libti99/libti99.a(vdp_waitvint.o)
 .data          0x00000000000020ec        0x0 ../../../libti99/libti99.a(vdp_fasterhexprint.o)
 .data          0x00000000000020ec        0x2 ../../../libti99/libti99.a(vdp_char.o)
                0x00000000000020ec                vdpchar
 .data          0x00000000000020ee        0x0 ../../../libti99/libti99.a(vdp_vchar.o)
 .data          0x00000000000020ee        0x0 ../../../libti99/libti99.a(vdp_printf.o)
 .data          0x00000000000020ee        0x0 ../../../libti99/libti99.a(vdp_putchar.o)
 .data          0x00000000000020ee        0x2 ../../../libti99/libti99.a(vdp_scrnscroll.o)
                0x00000000000020ee                scrn_scroll
 .data          0x00000000000020f0        0x0 ../../../libti99/libti99.a(vdp_textdefs.o)
 .data          0x00000000000020f0        0x0 ../../../libti99/libti99.a(vdp_byte2hex.o)
 .data          0x00000000000020f0        0x0 ../../../libti99/libti99.a(str_uint2str.o)
 .data          0x00000000000020f0        0x0 ../../../libti99/libti99.a(str_strlen.o)
 .data          0x00000000000020f0        0x0 ../../../libti99/libti99.a(str_int2str.o)
 .data          0x00000000000020f0        0x0 ../../../libti99/libti99.a(vdp_hexprint.o)
 .data          0x00000000000020f0        0x0 ../../../libti99/libti99.a(vdp_memread.o)
 .data          0x00000000000020f0        0x0 ../../../libti99/libti99.a(vdp_memcpy.o)
 .data          0x00000000000020f0        0x2 ../../../libti99/libti99.a(conio_bgcolor.o)
                0x00000000000020f0                conio_scrnCol
 .data          0x00000000000020f2        0x0 ../../../libti99/libti99.a(vdp_putstring.o)

.data1
 *(.data1)

.got
 *(.got.plt)
 *(.got)

.sdata
 *(.sdata .sdata.* .gnu.linkonce.s.*)
                0x00000000000020f2                _edata = .
                0x00000000000020f2                PROVIDE (edata, .)
                0x00000000000020f2                __bss_start = .

.sbss
 *(.dynsbss)
 *(.sbss .sbss.* .gnu.linkonce.sb.*)
 *(.scommon)

.bss            0x00000000000020f2       0x26
 *(.dynbss)
 *(.bss .bss.* .gnu.linkonce.b.*)
 .bss           0x00000000000020f2        0x0 crt0_ea5.o
 .bss           0x00000000000020f2        0x0 sil_nes.o
 .bss           0x00000000000020f2        0x0 tisnplay.o
 .bss           0x00000000000020f2        0x0 CPlayerCommonHandEdit.o
 .bss           0x00000000000020f2        0x0 CPlayerTIHandEdit.o
 .bss           0x00000000000020f2        0x8 ../CPlayer/CPlayerTest.o
                0x00000000000020f2                test
 .bss           0x00000000000020fa        0x0 ../../../libti99/libti99.a(vdp_setgraphics.o)
 .bss           0x00000000000020fa        0x0 ../../../libti99/libti99.a(kscan.o)
 .bss           0x00000000000020fa        0x4 ../../../libti99/libti99.a(vdp_setmode.o)
                0x00000000000020fa                gImage
                0x00000000000020fc                gSpritePat
 .bss           0x00000000000020fe        0x0 ../../../libti99/libti99.a(vdp_memset.o)
 .bss           0x00000000000020fe        0x0 ../../../libti99/libti99.a(vdp_sprite.o)
 .bss           0x00000000000020fe        0x1 ../../../libti99/libti99.a(vdp_waitvint.o)
                0x00000000000020fe                gSaveIntCnt
 .bss           0x00000000000020ff        0x0 ../../../libti99/libti99.a(vdp_fasterhexprint.o)
 .bss           0x00000000000020ff        0x0 ../../../libti99/libti99.a(vdp_char.o)
 .bss           0x00000000000020ff        0x0 ../../../libti99/libti99.a(vdp_vchar.o)
 .bss           0x00000000000020ff        0x0 ../../../libti99/libti99.a(vdp_printf.o)
 .bss           0x00000000000020ff        0x0 ../../../libti99/libti99.a(vdp_putchar.o)
 .bss           0x00000000000020ff        0x0 ../../../libti99/libti99.a(vdp_scrnscroll.o)
 *fill*         0x00000000000020ff        0x1 00
 .bss           0x0000000000002100        0x8 ../../../libti99/libti99.a(vdp_textdefs.o)
                0x0000000000002100                nTextRow
                0x0000000000002102                nTextEnd
                0x0000000000002106                nTextFlags
                0x0000000000002104                nTextPos
 .bss           0x0000000000002108        0x0 ../../../libti99/libti99.a(vdp_byte2hex.o)
 .bss           0x0000000000002108        0x8 ../../../libti99/libti99.a(str_uint2str.o)
 .bss           0x0000000000002110        0x0 ../../../libti99/libti99.a(str_strlen.o)
 .bss           0x0000000000002110        0x8 ../../../libti99/libti99.a(str_int2str.o)
 .bss           0x0000000000002118        0x0 ../../../libti99/libti99.a(vdp_hexprint.o)
 .bss           0x0000000000002118        0x0 ../../../libti99/libti99.a(vdp_memread.o)
 .bss           0x0000000000002118        0x0 ../../../libti99/libti99.a(vdp_memcpy.o)
 .bss           0x0000000000002118        0x0 ../../../libti99/libti99.a(conio_bgcolor.o)
 .bss           0x0000000000002118        0x0 ../../../libti99/libti99.a(vdp_putstring.o)
 *(COMMON)
                0x0000000000002118                . = ALIGN ((. != 0x0)?0x4:0x1)
                0x0000000000002118                . = ALIGN (0x4)
                0x0000000000002118                . = ALIGN (0x4)
                0x0000000000002118                _end = .
                0x0000000000002118                PROVIDE (end, .)

.stab
 *(.stab)

.stabstr
 *(.stabstr)

.stab.excl
 *(.stab.excl)

.stab.exclstr
 *(.stab.exclstr)

.stab.index
 *(.stab.index)

.stab.indexstr
 *(.stab.indexstr)

.comment
 *(.comment)

.debug
 *(.debug)

.line
 *(.line)

.debug_srcinfo
 *(.debug_srcinfo)

.debug_sfnames
 *(.debug_sfnames)

.debug_aranges
 *(.debug_aranges)

.debug_pubnames
 *(.debug_pubnames)

.debug_info
 *(.debug_info .gnu.linkonce.wi.*)

.debug_abbrev
 *(.debug_abbrev)

.debug_line
 *(.debug_line)

.debug_frame
 *(.debug_frame)

.debug_str
 *(.debug_str)

.debug_loc
 *(.debug_loc)

.debug_macinfo
 *(.debug_macinfo)

.debug_weaknames
 *(.debug_weaknames)

.debug_funcnames
 *(.debug_funcnames)

.debug_typenames
 *(.debug_typenames)

.debug_varnames
 *(.debug_varnames)

.debug_pubtypes
 *(.debug_pubtypes)

.debug_ranges
 *(.debug_ranges)

.gnu.attributes
 *(.gnu.attributes)

/DISCARD/
 *(.note.GNU-stack)
 *(.gnu_debuglink)
OUTPUT(tisnplay.ea5.elf elf32-tms9900)
