Archive member included because of file (symbol)

../../../libti99/libti99.a(vdp_setgraphics.o)
                              tisnsidplay.o (set_graphics)
../../../libti99/libti99.a(vdp_sprite.o)
                              tisnsidplay.o (sprite)
../../../libti99/libti99.a(vdp_waitvint.o)
                              tisnsidplay.o (vdpwaitvint)
../../../libti99/libti99.a(vdp_setmode.o)
                              tisnsidplay.o (gImage)
../../../libti99/libti99.a(vdp_char.o)
                              ../../../libti99/libti99.a(vdp_setgraphics.o) (vdpchar_default)
../../../libti99/libti99.a(vdp_vchar.o)
                              tisnsidplay.o (vchar)
../../../libti99/libti99.a(kscan.o)
                              tisnsidplay.o (kscan)
../../../libti99/libti99.a(vdp_scrnscroll.o)
                              ../../../libti99/libti99.a(vdp_setgraphics.o) (scrn_scroll_default)
../../../libti99/libti99.a(vdp_textdefs.o)
                              ../../../libti99/libti99.a(vdp_setgraphics.o) (nTextRow)
../../../libti99/libti99.a(vdp_memread.o)
                              ../../../libti99/libti99.a(vdp_scrnscroll.o) (vdpmemread)
../../../libti99/libti99.a(vdp_memcpy.o)
                              ../../../libti99/libti99.a(vdp_scrnscroll.o) (vdpmemcpy)
../../../libti99/libti99.a(vdp_memset.o)
                              ../../../libti99/libti99.a(vdp_scrnscroll.o) (vdpmemset)
../../../libti99/libti99.a(conio_bgcolor.o)
                              ../../../libti99/libti99.a(vdp_scrnscroll.o) (conio_scrnCol)

Memory Configuration

Name             Origin             Length             Attributes
*default*        0x0000000000000000 0xffffffffffffffff

Linker script and memory map

LOAD crt0_ea5.o
LOAD wbsid.o
LOAD wbsn.o
LOAD tisnsidplay.o
LOAD CPlayerCommonHandEdit.o
LOAD CPlayerTIHandEdit.o
LOAD CSIDPlayCommonHandEdit.o
LOAD CSIDPlayTIHandEdit.o
LOAD ../../../libti99/libti99.a
Address of section .text set to 0xa000
Address of section .data set to 0x2080
                0x000000000000a000                PROVIDE (__executable_start, 0xa000)
                0x000000000000a074                . = (0xa000 + SIZEOF_HEADERS)

.interp
 *(.interp)

.note.gnu.build-id
 *(.note.gnu.build-id)

.hash
 *(.hash)

.gnu.hash
 *(.gnu.hash)

.dynsym
 *(.dynsym)

.dynstr
 *(.dynstr)

.gnu.version
 *(.gnu.version)

.gnu.version_d
 *(.gnu.version_d)

.gnu.version_r
 *(.gnu.version_r)

.rel.init
 *(.rel.init)

.rela.init
 *(.rela.init)

.rel.text
 *(.rel.text .rel.text.* .rel.gnu.linkonce.t.*)

.rela.text
 *(.rela.text .rela.text.* .rela.gnu.linkonce.t.*)

.rel.fini
 *(.rel.fini)

.rela.fini
 *(.rela.fini)

.rel.rodata
 *(.rel.rodata .rel.rodata.* .rel.gnu.linkonce.r.*)

.rela.rodata
 *(.rela.rodata .rela.rodata.* .rela.gnu.linkonce.r.*)

.rel.data.rel.ro
 *(.rel.data.rel.ro* .rel.gnu.linkonce.d.rel.ro.*)

.rela.data.rel.ro
 *(.rela.data.rel.ro* .rela.gnu.linkonce.d.rel.ro.*)

.rel.data
 *(.rel.data .rel.data.* .rel.gnu.linkonce.d.*)

.rela.data
 *(.rela.data .rela.data.* .rela.gnu.linkonce.d.*)

.rel.tdata
 *(.rel.tdata .rel.tdata.* .rel.gnu.linkonce.td.*)

.rela.tdata
 *(.rela.tdata .rela.tdata.* .rela.gnu.linkonce.td.*)

.rel.tbss
 *(.rel.tbss .rel.tbss.* .rel.gnu.linkonce.tb.*)

.rela.tbss
 *(.rela.tbss .rela.tbss.* .rela.gnu.linkonce.tb.*)

.rel.ctors
 *(.rel.ctors)

.rela.ctors
 *(.rela.ctors)

.rel.dtors
 *(.rel.dtors)

.rela.dtors
 *(.rela.dtors)

.rel.got
 *(.rel.got)

.rela.got
 *(.rela.got)

.rel.sdata
 *(.rel.sdata .rel.sdata.* .rel.gnu.linkonce.s.*)

.rela.sdata
 *(.rela.sdata .rela.sdata.* .rela.gnu.linkonce.s.*)

.rel.sbss
 *(.rel.sbss .rel.sbss.* .rel.gnu.linkonce.sb.*)

.rela.sbss
 *(.rela.sbss .rela.sbss.* .rela.gnu.linkonce.sb.*)

.rel.sdata2
 *(.rel.sdata2 .rel.sdata2.* .rel.gnu.linkonce.s2.*)

.rela.sdata2
 *(.rela.sdata2 .rela.sdata2.* .rela.gnu.linkonce.s2.*)

.rel.sbss2
 *(.rel.sbss2 .rel.sbss2.* .rel.gnu.linkonce.sb2.*)

.rela.sbss2
 *(.rela.sbss2 .rela.sbss2.* .rela.gnu.linkonce.sb2.*)

.rel.bss
 *(.rel.bss .rel.bss.* .rel.gnu.linkonce.b.*)

.rela.bss
 *(.rela.bss .rela.bss.* .rela.gnu.linkonce.b.*)

.rel.plt
 *(.rel.plt)

.rela.plt
 *(.rela.plt)

.init
 *(.init)

.plt
 *(.plt)

.text           0x000000000000a000     0x23f0
 *(.text .stub .text.* .gnu.linkonce.t.*)
 .text          0x000000000000a000       0x3c crt0_ea5.o
                0x000000000000a000                _start
                0x000000000000a032                _init_data
 .text          0x000000000000a03c      0xa20 wbsid.o
                0x000000000000a03c                sidSong
 .text          0x000000000000aa5c      0xd86 wbsn.o
                0x000000000000aa5c                snsong
 .text          0x000000000000b7e2      0x238 tisnsidplay.o
                0x000000000000b7e2                main
 .text          0x000000000000ba1a      0x15e CPlayerCommonHandEdit.o
                0x000000000000ba3c                getDatRLE
                0x000000000000ba76                getCompressedByte
                0x000000000000ba34                getDatInline
                0x000000000000ba64                getDatRLE24
                0x000000000000ba54                getDatRLE16
                0x000000000000ba42                getDatRLE32
                0x000000000000bb74                getDatZero
 .text          0x000000000000bb78      0x178 CPlayerTIHandEdit.o
                0x000000000000bbda                SongLoop
                0x000000000000bb78                StartSong
                0x000000000000bbd2                StopSong
 .text          0x000000000000bcf0      0x15e CSIDPlayCommonHandEdit.o
                0x000000000000be4a                getSidZero
                0x000000000000bd4c                getCompressedSid
 .text          0x000000000000be4e      0x1fa CSIDPlayTIHandEdit.o
                0x000000000000bf26                StopSID
                0x000000000000be4e                StartSID
                0x000000000000bf2e                SongSID
 .text          0x000000000000c048       0xde ../../../libti99/libti99.a(vdp_setgraphics.o)
                0x000000000000c048                set_graphics_raw
                0x000000000000c108                set_graphics
 .text          0x000000000000c126       0x30 ../../../libti99/libti99.a(vdp_sprite.o)
                0x000000000000c126                sprite
 .text          0x000000000000c156       0x1c ../../../libti99/libti99.a(vdp_waitvint.o)
                0x000000000000c156                vdpwaitvint
 .text          0x000000000000c172        0x0 ../../../libti99/libti99.a(vdp_setmode.o)
 .text          0x000000000000c172       0x1c ../../../libti99/libti99.a(vdp_char.o)
                0x000000000000c172                vdpchar_default
 .text          0x000000000000c18e       0x40 ../../../libti99/libti99.a(vdp_vchar.o)
                0x000000000000c18e                vchar
 .text          0x000000000000c1ce       0x16 ../../../libti99/libti99.a(kscan.o)
                0x000000000000c1ce                kscan
 .text          0x000000000000c1e4      0x108 ../../../libti99/libti99.a(vdp_scrnscroll.o)
                0x000000000000c1e4                scrn_scroll_default
 .text          0x000000000000c2ec        0x0 ../../../libti99/libti99.a(vdp_textdefs.o)
 .text          0x000000000000c2ec       0x26 ../../../libti99/libti99.a(vdp_memread.o)
                0x000000000000c2ec                vdpmemread
 .text          0x000000000000c312       0x2c ../../../libti99/libti99.a(vdp_memcpy.o)
                0x000000000000c312                vdpmemcpy
 .text          0x000000000000c33e       0x2a ../../../libti99/libti99.a(vdp_memset.o)
                0x000000000000c33e                vdpmemset
 .text          0x000000000000c368       0x88 ../../../libti99/libti99.a(conio_bgcolor.o)
                0x000000000000c3ec                reverse
                0x000000000000c3cc                bordercolor
                0x000000000000c368                bgcolor
                0x000000000000c398                textcolor
 *(.gnu.warning)

.fini
 *(.fini)
                0x000000000000c3f0                PROVIDE (__etext, .)
                0x000000000000c3f0                PROVIDE (_etext, .)
                0x000000000000c3f0                PROVIDE (etext, .)

.rodata
 *(.rodata .rodata.* .gnu.linkonce.r.*)

.rodata1
 *(.rodata1)

.sdata2
 *(.sdata2 .sdata2.* .gnu.linkonce.s2.*)

.sbss2
 *(.sbss2 .sbss2.* .gnu.linkonce.sb2.*)

.eh_frame_hdr
 *(.eh_frame_hdr)

.eh_frame
 *(.eh_frame)

.gcc_except_table
 *(.gcc_except_table .gcc_except_table.*)
                0x00000000000187f0                . = (ALIGN (0x200) + (. & 0xffffffffffffffff))

.eh_frame
 *(.eh_frame)

.gcc_except_table
 *(.gcc_except_table .gcc_except_table.*)

.tdata
 *(.tdata .tdata.* .gnu.linkonce.td.*)

.tbss
 *(.tbss .tbss.* .gnu.linkonce.tb.*)
 *(.tcommon)

.preinit_array  0x00000000000187f0        0x0
                0x00000000000187f0                PROVIDE (__preinit_array_start, .)
 *(.preinit_array)
                0x00000000000187f0                PROVIDE (__preinit_array_end, .)

.init_array     0x00000000000187f0        0x0
                0x00000000000187f0                PROVIDE (__init_array_start, .)
 *(SORT(.init_array.*))
 *(.init_array)
                0x00000000000187f0                PROVIDE (__init_array_end, .)

.fini_array     0x00000000000187f0        0x0
                0x00000000000187f0                PROVIDE (__fini_array_start, .)
 *(.fini_array)
 *(SORT(.fini_array.*))
                0x00000000000187f0                PROVIDE (__fini_array_end, .)

.ctors
 *crtbegin.o(.ctors)
 *crtbegin?.o(.ctors)
 *(EXCLUDE_FILE(*crtend?.o *crtend.o) .ctors)
 *(SORT(.ctors.*))
 *(.ctors)

.dtors
 *crtbegin.o(.dtors)
 *crtbegin?.o(.dtors)
 *(EXCLUDE_FILE(*crtend?.o *crtend.o) .dtors)
 *(SORT(.dtors.*))
 *(.dtors)

.jcr
 *(.jcr)

.data.rel.ro
 *(.data.rel.ro.local* .gnu.linkonce.d.rel.ro.local.*)
 *(.data.rel.ro* .gnu.linkonce.d.rel.ro.*)

.dynamic
 *(.dynamic)

.data           0x0000000000002080        0xc
 *(.data .data.* .gnu.linkonce.d.*)
 .data          0x0000000000002080        0x0 crt0_ea5.o
 .data          0x0000000000002080        0x0 wbsid.o
 .data          0x0000000000002080        0x0 wbsn.o
 .data          0x0000000000002080        0x0 tisnsidplay.o
 .data          0x0000000000002080        0x0 CPlayerCommonHandEdit.o
 .data          0x0000000000002080        0x0 CPlayerTIHandEdit.o
 .data          0x0000000000002080        0x0 CSIDPlayCommonHandEdit.o
 .data          0x0000000000002080        0x0 CSIDPlayTIHandEdit.o
 .data          0x0000000000002080        0x0 ../../../libti99/libti99.a(vdp_setgraphics.o)
 .data          0x0000000000002080        0x0 ../../../libti99/libti99.a(vdp_sprite.o)
 .data          0x0000000000002080        0x0 ../../../libti99/libti99.a(vdp_waitvint.o)
 .data          0x0000000000002080        0x6 ../../../libti99/libti99.a(vdp_setmode.o)
                0x0000000000002080                gColor
                0x0000000000002084                gSprite
                0x0000000000002082                gPattern
 .data          0x0000000000002086        0x2 ../../../libti99/libti99.a(vdp_char.o)
                0x0000000000002086                vdpchar
 .data          0x0000000000002088        0x0 ../../../libti99/libti99.a(vdp_vchar.o)
 .data          0x0000000000002088        0x0 ../../../libti99/libti99.a(kscan.o)
 .data          0x0000000000002088        0x2 ../../../libti99/libti99.a(vdp_scrnscroll.o)
                0x0000000000002088                scrn_scroll
 .data          0x000000000000208a        0x0 ../../../libti99/libti99.a(vdp_textdefs.o)
 .data          0x000000000000208a        0x0 ../../../libti99/libti99.a(vdp_memread.o)
 .data          0x000000000000208a        0x0 ../../../libti99/libti99.a(vdp_memcpy.o)
 .data          0x000000000000208a        0x0 ../../../libti99/libti99.a(vdp_memset.o)
 .data          0x000000000000208a        0x2 ../../../libti99/libti99.a(conio_bgcolor.o)
                0x000000000000208a                conio_scrnCol

.data1
 *(.data1)

.got
 *(.got.plt)
 *(.got)

.sdata
 *(.sdata .sdata.* .gnu.linkonce.s.*)
                0x000000000000208c                _edata = .
                0x000000000000208c                PROVIDE (edata, .)
                0x000000000000208c                __bss_start = .

.sbss
 *(.dynsbss)
 *(.sbss .sbss.* .gnu.linkonce.sb.*)
 *(.scommon)

.bss            0x000000000000208c       0x10
 *(.dynbss)
 *(.bss .bss.* .gnu.linkonce.b.*)
 .bss           0x000000000000208c        0x0 crt0_ea5.o
 .bss           0x000000000000208c        0x0 wbsid.o
 .bss           0x000000000000208c        0x0 wbsn.o
 .bss           0x000000000000208c        0x0 tisnsidplay.o
 .bss           0x000000000000208c        0x0 CPlayerCommonHandEdit.o
 .bss           0x000000000000208c        0x0 CPlayerTIHandEdit.o
 .bss           0x000000000000208c        0x0 CSIDPlayCommonHandEdit.o
 .bss           0x000000000000208c        0x0 CSIDPlayTIHandEdit.o
 .bss           0x000000000000208c        0x0 ../../../libti99/libti99.a(vdp_setgraphics.o)
 .bss           0x000000000000208c        0x0 ../../../libti99/libti99.a(vdp_sprite.o)
 .bss           0x000000000000208c        0x1 ../../../libti99/libti99.a(vdp_waitvint.o)
                0x000000000000208c                gSaveIntCnt
 *fill*         0x000000000000208d        0x1 00
 .bss           0x000000000000208e        0x4 ../../../libti99/libti99.a(vdp_setmode.o)
                0x000000000000208e                gImage
                0x0000000000002090                gSpritePat
 .bss           0x0000000000002092        0x0 ../../../libti99/libti99.a(vdp_char.o)
 .bss           0x0000000000002092        0x0 ../../../libti99/libti99.a(vdp_vchar.o)
 .bss           0x0000000000002092        0x0 ../../../libti99/libti99.a(kscan.o)
 .bss           0x0000000000002092        0x0 ../../../libti99/libti99.a(vdp_scrnscroll.o)
 .bss           0x0000000000002092        0x8 ../../../libti99/libti99.a(vdp_textdefs.o)
                0x0000000000002092                nTextRow
                0x0000000000002094                nTextEnd
                0x0000000000002098                nTextFlags
                0x0000000000002096                nTextPos
 .bss           0x000000000000209a        0x0 ../../../libti99/libti99.a(vdp_memread.o)
 .bss           0x000000000000209a        0x0 ../../../libti99/libti99.a(vdp_memcpy.o)
 .bss           0x000000000000209a        0x0 ../../../libti99/libti99.a(vdp_memset.o)
 .bss           0x000000000000209a        0x0 ../../../libti99/libti99.a(conio_bgcolor.o)
 *(COMMON)
                0x000000000000209c                . = ALIGN ((. != 0x0)?0x4:0x1)
 *fill*         0x000000000000209a        0x2 00
                0x000000000000209c                . = ALIGN (0x4)
                0x000000000000209c                . = ALIGN (0x4)
                0x000000000000209c                _end = .
                0x000000000000209c                PROVIDE (end, .)

.stab
 *(.stab)

.stabstr
 *(.stabstr)

.stab.excl
 *(.stab.excl)

.stab.exclstr
 *(.stab.exclstr)

.stab.index
 *(.stab.index)

.stab.indexstr
 *(.stab.indexstr)

.comment
 *(.comment)

.debug
 *(.debug)

.line
 *(.line)

.debug_srcinfo
 *(.debug_srcinfo)

.debug_sfnames
 *(.debug_sfnames)

.debug_aranges
 *(.debug_aranges)

.debug_pubnames
 *(.debug_pubnames)

.debug_info
 *(.debug_info .gnu.linkonce.wi.*)

.debug_abbrev
 *(.debug_abbrev)

.debug_line
 *(.debug_line)

.debug_frame
 *(.debug_frame)

.debug_str
 *(.debug_str)

.debug_loc
 *(.debug_loc)

.debug_macinfo
 *(.debug_macinfo)

.debug_weaknames
 *(.debug_weaknames)

.debug_funcnames
 *(.debug_funcnames)

.debug_typenames
 *(.debug_typenames)

.debug_varnames
 *(.debug_varnames)

.debug_pubtypes
 *(.debug_pubtypes)

.debug_ranges
 *(.debug_ranges)

.gnu.attributes
 *(.gnu.attributes)

/DISCARD/
 *(.note.GNU-stack)
 *(.gnu_debuglink)
OUTPUT(snsidplay.ea5.elf elf32-tms9900)

songDat         0x000000000000209c       0xb4
 songDat        0x000000000000209c       0x58 CPlayerTIHandEdit.o
                0x00000000000020e8                songNote
                0x00000000000020f2                retSave
                0x00000000000020e4                songVol
                0x000000000000209c                strDat
                0x00000000000020f0                workBuf
 songDat        0x00000000000020f4       0x5c CSIDPlayTIHandEdit.o
                0x00000000000020f4                sidDat
                0x0000000000002148                workSID
                0x0000000000002140                sidNote
                0x000000000000214c                SidCtrl3
                0x000000000000214e                SidCtrl1
                0x000000000000214a                sidSave
                0x000000000000213c                sidVol
                0x000000000000214d                SidCtrl2
